 focus

 Timestamp is 59b886f8 (Tue Sep 12 22:16:40 2017)

 Preferred load address is 0000000180000000

 Start         Length     Name                   Class
 0001:00000000 0000b680H .text$mn                CODE
 0001:0000b680 00000020H .text$mn$00             CODE
 0001:0000b6a0 00000260H .text$x                 CODE
 0002:00000000 00000298H .idata$5                DATA
 0002:00000298 00000010H .00cfg                  DATA
 0002:000002a8 00000008H .CRT$XCA                DATA
 0002:000002b0 00000008H .CRT$XCU                DATA
 0002:000002b8 00000008H .CRT$XCZ                DATA
 0002:000002c0 00000008H .CRT$XIA                DATA
 0002:000002c8 00000018H .CRT$XIC                DATA
 0002:000002e0 00000008H .CRT$XIZ                DATA
 0002:000002e8 00000008H .CRT$XPA                DATA
 0002:000002f0 00000010H .CRT$XPX                DATA
 0002:00000300 00000008H .CRT$XPXA               DATA
 0002:00000308 00000008H .CRT$XPZ                DATA
 0002:00000310 00000008H .CRT$XTA                DATA
 0002:00000318 00000008H .CRT$XTZ                DATA
 0002:00000320 000071b8H .rdata                  DATA
 0002:000074d8 00000384H .rdata$r                DATA
 0002:0000785c 000003dcH .rdata$zzzdbg           DATA
 0002:00007c38 00000008H .rtc$IAA                DATA
 0002:00007c40 00000008H .rtc$IZZ                DATA
 0002:00007c48 00000008H .rtc$TAA                DATA
 0002:00007c50 00000008H .rtc$TZZ                DATA
 0002:00007c58 00000ad8H .xdata                  DATA
 0002:00008730 000001e4H .xdata$x                DATA
 0002:00008914 00000020H .didat$2                DATA
 0002:00008934 00000024H .didat$3                DATA
 0002:00008958 00000098H .didat$4                DATA
 0002:000089f0 00000458H .didat$6                DATA
 0002:00008e48 00000098H .didat$7                DATA
 0002:00008ee0 00000050H .edata                  DATA
 0002:00008f30 00000028H .idata$2                DATA
 0002:00008f58 00000018H .idata$3                DATA
 0002:00008f70 00000298H .idata$4                DATA
 0002:00009208 000005f8H .idata$6                DATA
 0003:00000000 00000920H .data                   DATA
 0003:00000920 00000118H .data$r                 DATA
 0003:00000a38 00000098H .didat$5                DATA
 0003:00000ad0 000011f0H .bss                    DATA
 0004:00000000 00000e70H .pdata                  DATA
 0005:00000000 00000080H .gfids$x                DATA
 0005:00000080 00000048H .gfids$y                DATA
 0006:00000000 00000060H .rsrc$01                DATA
 0006:00000060 00000180H .rsrc$02                DATA

  Address         Publics by Value              Rva+Base               Lib:Object

 0000:00000000       __guard_iat_count          0000000000000000     <absolute>
 0000:00000000       __dynamic_value_reloc_table 0000000000000000     <absolute>
 0000:00000000       __guard_iat_table          0000000000000000     <absolute>
 0000:00000000       __guard_longjmp_table      0000000000000000     <absolute>
 0000:00000000       __guard_longjmp_count      0000000000000000     <absolute>
 0000:00000000       __guard_fids_count         0000000000000000     <absolute>
 0000:00000000       ___safe_se_handler_table   0000000000000000     <absolute>
 0000:00000000       ___safe_se_handler_count   0000000000000000     <absolute>
 0000:00000000       __guard_fids_table         0000000000000000     <absolute>
 0000:00000100       __guard_flags              0000000000000100     <absolute>
 0000:00000000       __ImageBase                0000000180000000     <linker-defined>
 0001:00000000       ?NODE_SET_METHOD@node@@YAXV?$Local@VObject@v8@@@v8@@PEBDP6AXAEBV?$FunctionCallbackInfo@VValue@v8@@@3@@Z@Z 0000000180001000 f i focus.obj
 0001:000000c0       ?SelectWindowByProcessName@focusAddon@@YAPEAUHWND__@@V?$basic_string@DU?$char_traits@D@std@@V?$allocator@D@2@@std@@@Z 00000001800010c0 f   focus.obj
 0001:00000340       ?EnumProc@focusAddon@@YAHPEAUHWND__@@_J@Z 0000000180001340 f   focus.obj
 0001:00000510       ?focusWindowAsync@focusAddon@@YAXAEBV?$FunctionCallbackInfo@VValue@v8@@@v8@@@Z 0000000180001510 f   focus.obj
 0001:00000600       ?init@focusAddon@@YAXV?$Local@VObject@v8@@@v8@@@Z 0000000180001600 f   focus.obj
 0001:00000620       ??1?$basic_string@DU?$char_traits@D@std@@V?$allocator@D@2@@std@@QEAA@XZ 0000000180001620 f i focus.obj
 0001:000006b0       ?assign@?$basic_string@DU?$char_traits@D@std@@V?$allocator@D@2@@std@@QEAAAEAV12@PEBD_K@Z 00000001800016b0 f i focus.obj
 0001:000007e0       ?assign@?$basic_string@DU?$char_traits@D@std@@V?$allocator@D@2@@std@@QEAAAEAV12@AEBV12@_K1@Z 00000001800017e0 f i focus.obj
 0001:00000910       ?erase@?$basic_string@DU?$char_traits@D@std@@V?$allocator@D@2@@std@@QEAAAEAV12@_K0@Z 0000000180001910 f i focus.obj
 0001:000009b0       ?_Copy@?$basic_string@DU?$char_traits@D@std@@V?$allocator@D@2@@std@@QEAAX_K0@Z 00000001800019b0 f i focus.obj
 0001:00000b7c       __imp_load_uv_queue_work   0000000180001b7c f   node:node.exe
 0001:00000b88       __tailMerge_node_exe       0000000180001b88 f i node:node.exe
 0001:00000c01       __imp_load_?Global@Context@v8@@QEAA?AV?$Local@VObject@v8@@@2@XZ 0000000180001c01 f   node:node.exe
 0001:00000c0d       __imp_load_?GetCurrentContext@Isolate@v8@@QEAA?AV?$Local@VContext@v8@@@2@XZ 0000000180001c0d f   node:node.exe
 0001:00000c19       __imp_load_?GetCurrent@Isolate@v8@@SAPEAV12@XZ 0000000180001c19 f   node:node.exe
 0001:00000c25       __imp_load_?CreateHandle@HandleScope@v8@@KAPEAPEAVObject@internal@2@PEAVIsolate@42@PEAV342@@Z 0000000180001c25 f   node:node.exe
 0001:00000c31       __imp_load_??1HandleScope@v8@@QEAA@XZ 0000000180001c31 f   node:node.exe
 0001:00000c3d       __imp_load_??0HandleScope@v8@@QEAA@PEAVIsolate@1@@Z 0000000180001c3d f   node:node.exe
 0001:00000c49       __imp_load_?GetFunction@FunctionTemplate@v8@@QEAA?AV?$Local@VFunction@v8@@@2@XZ 0000000180001c49 f   node:node.exe
 0001:00000c55       __imp_load_?New@FunctionTemplate@v8@@SA?AV?$Local@VFunctionTemplate@v8@@@2@PEAVIsolate@2@P6AXAEBV?$FunctionCallbackInfo@VValue@v8@@@2@@ZV?$Local@VValue@v8@@@2@V?$Local@VSignature@v8@@@2@H@Z 0000000180001c55 f   node:node.exe
 0001:00000c61       __imp_load_?DisposeGlobal@V8@v8@@CAXPEAPEAVObject@internal@2@@Z 0000000180001c61 f   node:node.exe
 0001:00000c6d       __imp_load_?GlobalizeReference@V8@v8@@CAPEAPEAVObject@internal@2@PEAVIsolate@42@PEAPEAV342@@Z 0000000180001c6d f   node:node.exe
 0001:00000c79       __imp_load_?NewFromUtf8@String@v8@@SA?AV?$Local@VString@v8@@@2@PEAVIsolate@2@PEBDW4NewStringType@12@H@Z 0000000180001c79 f   node:node.exe
 0001:00000c85       __imp_load_?New@Number@v8@@SA?AV?$Local@VNumber@v8@@@2@PEAVIsolate@2@N@Z 0000000180001c85 f   node:node.exe
 0001:00000c91       __imp_load_?Set@Object@v8@@QEAA_NV?$Local@VValue@v8@@@2@0@Z 0000000180001c91 f   node:node.exe
 0001:00000c9d       __imp_load_?SetName@Function@v8@@QEAAXV?$Local@VString@v8@@@2@@Z 0000000180001c9d f   node:node.exe
 0001:00000ca9       __imp_load_?Call@Function@v8@@QEAA?AV?$Local@VValue@v8@@@2@V32@HQEAV32@@Z 0000000180001ca9 f   node:node.exe
 0001:00000cb5       __imp_load_node_module_register 0000000180001cb5 f   node:node.exe
 0001:00000cc1       __imp_load_uv_default_loop 0000000180001cc1 f   node:node.exe
 0001:00000cd0       ??0bad_alloc@std@@QEAA@AEBV01@@Z 0000000180001cd0 f i libcpmt:xthrow.obj
 0001:00000d10       ??0bad_alloc@std@@QEAA@XZ  0000000180001d10 f i libcpmt:xthrow.obj
 0001:00000d30       ??0exception@std@@QEAA@AEBV01@@Z 0000000180001d30 f i libcpmt:xthrow.obj
 0001:00000d68       ??0length_error@std@@QEAA@AEBV01@@Z 0000000180001d68 f i libcpmt:xthrow.obj
 0001:00000da8       ??0length_error@std@@QEAA@PEBD@Z 0000000180001da8 f i libcpmt:xthrow.obj
 0001:00000df4       ??0logic_error@std@@QEAA@AEBV01@@Z 0000000180001df4 f i libcpmt:xthrow.obj
 0001:00000e34       ??0out_of_range@std@@QEAA@AEBV01@@Z 0000000180001e34 f i libcpmt:xthrow.obj
 0001:00000e74       ??0out_of_range@std@@QEAA@PEBD@Z 0000000180001e74 f i libcpmt:xthrow.obj
 0001:00000ec0       ??1length_error@std@@UEAA@XZ 0000000180001ec0 f i libcpmt:xthrow.obj
 0001:00000ec0       ??1out_of_range@std@@UEAA@XZ 0000000180001ec0 f i libcpmt:xthrow.obj
 0001:00000ec0       ??1bad_array_new_length@std@@UEAA@XZ 0000000180001ec0 f i LIBCMT:throw_bad_alloc.obj
 0001:00000ec0       ??1bad_alloc@std@@UEAA@XZ  0000000180001ec0 f i libcpmt:xthrow.obj
 0001:00000ed4       ??_Glogic_error@std@@UEAAPEAXI@Z 0000000180001ed4 f i libcpmt:xthrow.obj
 0001:00000ed4       ??_Elength_error@std@@UEAAPEAXI@Z 0000000180001ed4 f i libcpmt:xthrow.obj
 0001:00000ed4       ??_Glength_error@std@@UEAAPEAXI@Z 0000000180001ed4 f i libcpmt:xthrow.obj
 0001:00000ed4       ??_Gexception@std@@UEAAPEAXI@Z 0000000180001ed4 f i libcpmt:xthrow.obj
 0001:00000ed4       ??_Ebad_array_new_length@std@@UEAAPEAXI@Z 0000000180001ed4 f i LIBCMT:throw_bad_alloc.obj
 0001:00000ed4       ??_Ebad_alloc@std@@UEAAPEAXI@Z 0000000180001ed4 f i libcpmt:xthrow.obj
 0001:00000ed4       ??_Elogic_error@std@@UEAAPEAXI@Z 0000000180001ed4 f i libcpmt:xthrow.obj
 0001:00000ed4       ??_Gout_of_range@std@@UEAAPEAXI@Z 0000000180001ed4 f i libcpmt:xthrow.obj
 0001:00000ed4       ??_Eout_of_range@std@@UEAAPEAXI@Z 0000000180001ed4 f i libcpmt:xthrow.obj
 0001:00000ed4       ??_Gbad_alloc@std@@UEAAPEAXI@Z 0000000180001ed4 f i libcpmt:xthrow.obj
 0001:00000ed4       ??_Gbad_array_new_length@std@@UEAAPEAXI@Z 0000000180001ed4 f i LIBCMT:throw_bad_alloc.obj
 0001:00000ed4       ??_Eexception@std@@UEAAPEAXI@Z 0000000180001ed4 f i libcpmt:xthrow.obj
 0001:00000f18       ?_Xlength_error@std@@YAXPEBD@Z 0000000180001f18 f   libcpmt:xthrow.obj
 0001:00000f3c       ?_Xout_of_range@std@@YAXPEBD@Z 0000000180001f3c f   libcpmt:xthrow.obj
 0001:00000f60       ?what@exception@std@@UEBAPEBDXZ 0000000180001f60 f i libcpmt:xthrow.obj
 0001:00000f90       __security_check_cookie    0000000180001f90 f   LIBCMT:_amdsecgs_.obj
 0001:00000fb4       ??2@YAPEAX_K@Z             0000000180001fb4 f   LIBCMT:new_scalar.obj
 0001:00000ff0       ??3@YAXPEAX@Z              0000000180001ff0 f   LIBCMT:delete_scalar.obj
 0001:00000ff8       ??3@YAXPEAX_K@Z            0000000180001ff8 f   LIBCMT:delete_scalar_size.obj
 0001:0000134c       _DllMainCRTStartup         000000018000234c f   LIBCMT:dll_dllmain.obj
 0001:0000138c       ??_Gtype_info@@UEAAPEAXI@Z 000000018000238c f i LIBCMT:std_type_info_static.obj
 0001:0000138c       ??_Etype_info@@UEAAPEAXI@Z 000000018000238c f i LIBCMT:std_type_info_static.obj
 0001:000013b8       __raise_securityfailure    00000001800023b8 f   LIBCMT:gs_report.obj
 0001:000013ec       __report_gsfailure         00000001800023ec f   LIBCMT:gs_report.obj
 0001:000014c0       __report_rangecheckfailure 00000001800024c0 f   LIBCMT:gs_report.obj
 0001:000014d4       __report_securityfailure   00000001800024d4 f   LIBCMT:gs_report.obj
 0001:00001654       ??0bad_array_new_length@std@@QEAA@AEBV01@@Z 0000000180002654 f i LIBCMT:throw_bad_alloc.obj
 0001:00001694       ??0bad_array_new_length@std@@QEAA@XZ 0000000180002694 f i LIBCMT:throw_bad_alloc.obj
 0001:000016b4       ?_Xbad_alloc@std@@YAXXZ    00000001800026b4 f   libcpmt:xthrow.obj
 0001:000016b4       ?__scrt_throw_std_bad_alloc@@YAXXZ 00000001800026b4 f   LIBCMT:throw_bad_alloc.obj
 0001:000016d4       ?__scrt_throw_std_bad_array_new_length@@YAXXZ 00000001800026d4 f   LIBCMT:throw_bad_alloc.obj
 0001:000016f4       __scrt_acquire_startup_lock 00000001800026f4 f   LIBCMT:utility.obj
 0001:00001730       __scrt_dllmain_after_initialize_c 0000000180002730 f   LIBCMT:utility.obj
 0001:00001764       __scrt_dllmain_before_initialize_c 0000000180002764 f   LIBCMT:utility.obj
 0001:0000177c       __scrt_dllmain_crt_thread_attach 000000018000277c f   LIBCMT:utility.obj
 0001:000017a4       __scrt_dllmain_crt_thread_detach 00000001800027a4 f   LIBCMT:utility.obj
 0001:000017bc       __scrt_dllmain_exception_filter 00000001800027bc f   LIBCMT:utility.obj
 0001:00001820       __scrt_dllmain_uninitialize_c 0000000180002820 f   LIBCMT:utility.obj
 0001:00001850       __scrt_dllmain_uninitialize_critical 0000000180002850 f   LIBCMT:utility.obj
 0001:00001864       __scrt_initialize_crt      0000000180002864 f   LIBCMT:utility.obj
 0001:000018b0       __scrt_initialize_onexit_tables 00000001800028b0 f   LIBCMT:utility.obj
 0001:0000197c       __scrt_is_nonwritable_in_current_image 000000018000297c f   LIBCMT:utility.obj
 0001:00001a18       __scrt_release_startup_lock 0000000180002a18 f   LIBCMT:utility.obj
 0001:00001a3c       __scrt_uninitialize_crt    0000000180002a3c f   LIBCMT:utility.obj
 0001:00001a68       _onexit                    0000000180002a68 f   LIBCMT:utility.obj
 0001:00001ab8       atexit                     0000000180002ab8 f   LIBCMT:utility.obj
 0001:00001ad0       __security_init_cookie     0000000180002ad0 f   LIBCMT:gs_support.obj
 0001:00001b7c       ?__scrt_initialize_type_info@@YAXXZ 0000000180002b7c f   LIBCMT:tncleanup.obj
 0001:00001b8c       ?__scrt_uninitialize_type_info@@YAXXZ 0000000180002b8c f   LIBCMT:tncleanup.obj
 0001:00001b98       __local_stdio_printf_options 0000000180002b98 f i LIBCMT:default_local_stdio_options.obj
 0001:00001ba0       __local_stdio_scanf_options 0000000180002ba0 f i LIBCMT:default_local_stdio_options.obj
 0001:00001ba8       __scrt_initialize_default_local_stdio_options 0000000180002ba8 f   LIBCMT:default_local_stdio_options.obj
 0001:00001bc4       __scrt_get_dyn_tls_init_callback 0000000180002bc4 f   LIBCMT:dyn_tls_init.obj
 0001:00001bcc       __crt_debugger_hook        0000000180002bcc f   LIBCMT:utility_desktop.obj
 0001:00001bd4       __scrt_fastfail            0000000180002bd4 f   LIBCMT:utility_desktop.obj
 0001:00001d1c       _RTC_Initialize            0000000180002d1c f   LIBCMT:_initsect_.obj
 0001:00001d68       _RTC_Terminate             0000000180002d68 f   LIBCMT:_initsect_.obj
 0001:00001db4       _guard_check_icall         0000000180002db4 f i LIBCMT:checkcfg.obj
 0001:00001dbc       __isa_available_init       0000000180002dbc f   LIBCMT:_cpu_disp_.obj
 0001:00001f84       DllMain                    0000000180002f84 f   LIBCMT:dll_dllmain_stub.obj
 0001:00001f84       _get_startup_argv_mode     0000000180002f84 f   LIBCMT:argv_mode.obj
 0001:00001f8c       __scrt_is_ucrt_dll_in_use  0000000180002f8c f   LIBCMT:ucrt_detection.obj
 0001:00001fb0       memcpy                     0000000180002fb0 f   libvcruntime:memcpy.obj
 0001:00001fb0       memmove                    0000000180002fb0 f   libvcruntime:memcpy.obj
 0001:000023e8       __std_exception_copy       00000001800033e8 f   libvcruntime:std_exception.obj
 0001:00002478       __std_exception_destroy    0000000180003478 f   libvcruntime:std_exception.obj
 0001:000024a0       _CxxThrowException         00000001800034a0 f   libvcruntime:throw.obj
 0001:00002578       __C_specific_handler       0000000180003578 f   libvcruntime:_chandler_.obj
 0001:00002774       __vcrt_initialize          0000000180003774 f   libvcruntime:initialization.obj
 0001:000027a8       __vcrt_thread_attach       00000001800037a8 f   libvcruntime:initialization.obj
 0001:000027bc       __vcrt_thread_detach       00000001800037bc f   libvcruntime:initialization.obj
 0001:000027d0       __vcrt_uninitialize        00000001800037d0 f   libvcruntime:initialization.obj
 0001:000027f0       __vcrt_uninitialize_critical 00000001800037f0 f   libvcruntime:initialization.obj
 0001:00002800       __std_type_info_destroy_list 0000000180003800 f   libvcruntime:std_type_info.obj
 0001:00002840       memset                     0000000180003840 f   libvcruntime:memset.obj
 0001:000029f0       _local_unwind              00000001800039f0 f   libvcruntime:_jmpuwind_.obj
 0001:00002a20       _NLG_Notify                0000000180003a20 f   libvcruntime:_jmpuwind_.obj
 0001:00002a40       __NLG_Dispatch2            0000000180003a40 f   libvcruntime:_jmpuwind_.obj
 0001:00002a50       __NLG_Return2              0000000180003a50 f   libvcruntime:_jmpuwind_.obj
 0001:00002a54       __except_validate_context_record 0000000180003a54 f   libvcruntime:jbcxrval.obj
 0001:00002a54       _guard_check_icall_nop     0000000180003a54 f   LIBCMT:guard_support.obj
 0001:00002a58       __vcrt_freefls             0000000180003a58 f   libvcruntime:per_thread_data.obj
 0001:00002a78       __vcrt_freeptd             0000000180003a78 f   libvcruntime:per_thread_data.obj
 0001:00002ac8       __vcrt_getptd_noexit       0000000180003ac8 f   libvcruntime:per_thread_data.obj
 0001:00002b80       __vcrt_initialize_ptd      0000000180003b80 f   libvcruntime:per_thread_data.obj
 0001:00002bc0       __vcrt_uninitialize_ptd    0000000180003bc0 f   libvcruntime:per_thread_data.obj
 0001:00002be4       __vcrt_initialize_locks    0000000180003be4 f   libvcruntime:locks.obj
 0001:00002c2c       __vcrt_uninitialize_locks  0000000180003c2c f   libvcruntime:locks.obj
 0001:00002e2c       __vcrt_FlsAlloc            0000000180003e2c f   libvcruntime:winapi_downlevel.obj
 0001:00002e80       __vcrt_FlsFree             0000000180003e80 f   libvcruntime:winapi_downlevel.obj
 0001:00002ed4       __vcrt_FlsGetValue         0000000180003ed4 f   libvcruntime:winapi_downlevel.obj
 0001:00002f28       __vcrt_FlsSetValue         0000000180003f28 f   libvcruntime:winapi_downlevel.obj
 0001:00002f90       __vcrt_InitializeCriticalSectionEx 0000000180003f90 f   libvcruntime:winapi_downlevel.obj
 0001:00003008       __vcrt_initialize_winapi_thunks 0000000180004008 f   libvcruntime:winapi_downlevel.obj
 0001:00003054       __vcrt_uninitialize_winapi_thunks 0000000180004054 f   libvcruntime:winapi_downlevel.obj
 0001:00003094       __vcrt_initialize_pure_virtual_call_handler 0000000180004094 f   libvcruntime:purevirt_data.obj
 0001:000030b8       __acrt_call_reportfault    00000001800040b8 f   libucrt:invalid_parameter.obj
 0001:00003214       __acrt_initialize_invalid_parameter_handler 0000000180004214 f   libucrt:invalid_parameter.obj
 0001:0000321c       _invalid_parameter         000000018000421c f   libucrt:invalid_parameter.obj
 0001:000032c4       _invalid_parameter_noinfo  00000001800042c4 f   libucrt:invalid_parameter.obj
 0001:000032e4       _invalid_parameter_noinfo_noreturn 00000001800042e4 f   libucrt:invalid_parameter.obj
 0001:00003314       _invoke_watson             0000000180004314 f   libucrt:invalid_parameter.obj
 0001:0000335c       ??0_LocaleUpdate@@QEAA@QEAU__crt_locale_pointers@@@Z 000000018000435c f i libucrt:stricmp.obj
 0001:000033ec       __ascii_stricmp            00000001800043ec f   libucrt:stricmp.obj
 0001:00003428       _stricmp                   0000000180004428 f   libucrt:stricmp.obj
 0001:00003470       _stricmp_l                 0000000180004470 f   libucrt:stricmp.obj
 0001:00003524       __acrt_initialize_new_handler 0000000180004524 f   libucrt:new_handler.obj
 0001:0000352c       _callnewh                  000000018000452c f   libucrt:new_handler.obj
 0001:0000356c       _query_new_handler         000000018000456c f   libucrt:new_handler.obj
 0001:000035a0       malloc                     00000001800045a0 f   libucrt:malloc.obj
 0001:000035a8       free                       00000001800045a8 f   libucrt:free.obj
 0001:000035b0       _initterm                  00000001800045b0 f   libucrt:initterm.obj
 0001:00003628       _initterm_e                0000000180004628 f   libucrt:initterm.obj
 0001:00003674       _seh_filter_dll            0000000180004674 f   libucrt:exception_filter.obj
 0001:00003688       _seh_filter_exe            0000000180004688 f   libucrt:exception_filter.obj
 0001:00003a48       __acrt_initialize_thread_local_exit_callback 0000000180004a48 f   libucrt:exit.obj
 0001:00003a50       _cexit                     0000000180004a50 f   libucrt:exit.obj
 0001:00003a60       _exit                      0000000180004a60 f   libucrt:exit.obj
 0001:00003a6c       _is_c_termination_complete 0000000180004a6c f   libucrt:exit.obj
 0001:00003c30       __acrt_allocate_buffer_for_argv 0000000180004c30 f   libucrt:argv_parsing.obj
 0001:00003c94       _configure_narrow_argv     0000000180004c94 f   libucrt:argv_parsing.obj
 0001:00003ff0       __dcrt_uninitialize_environments_nolock 0000000180004ff0 f   libucrt:environment_initialization.obj
 0001:00004028       _initialize_narrow_environment 0000000180005028 f   libucrt:environment_initialization.obj
 0001:00004030       ??$?RV<lambda_b8c45f8f788dd370798f47cfe8ac3a86>@@AEAV<lambda_4e60a939b0d047cfe11ddc22648dfba9>@@V<lambda_332c3edc96d0294ec56c57d38c1cdfd5>@@@?$__crt_seh_guarded_call@H@@QEAAH$$QEAV<lambda_b8c45f8f788dd370798f47cfe8ac3a86>@@AEAV<lambda_4e60a939b0d047cfe11ddc22648dfba9>@@$$QEAV<lambda_332c3edc96d0294ec56c57d38c1cdfd5>@@@Z 0000000180005030 f i libucrt:onexit.obj
 0001:0000406c       ??$?RV<lambda_e24bbb7b643b32fcea6fa61b31d4c984>@@AEAV<lambda_275893d493268fdec8709772e3fcec0e>@@V<lambda_9d71df4d7cf3f480f8d633942495c3b0>@@@?$__crt_seh_guarded_call@H@@QEAAH$$QEAV<lambda_e24bbb7b643b32fcea6fa61b31d4c984>@@AEAV<lambda_275893d493268fdec8709772e3fcec0e>@@$$QEAV<lambda_9d71df4d7cf3f480f8d633942495c3b0>@@@Z 000000018000506c f i libucrt:onexit.obj
 0001:000043e8       _crt_atexit                00000001800053e8 f   libucrt:onexit.obj
 0001:000043f8       _execute_onexit_table      00000001800053f8 f   libucrt:onexit.obj
 0001:00004434       _initialize_onexit_table   0000000180005434 f   libucrt:onexit.obj
 0001:00004474       _register_onexit_function  0000000180005474 f   libucrt:onexit.obj
 0001:000045f0       __acrt_uninitialize_command_line 00000001800055f0 f   libucrt:argv_data.obj
 0001:000045f4       __acrt_initialize          00000001800055f4 f   libucrt:initialization.obj
 0001:00004608       __acrt_thread_attach       0000000180005608 f   libucrt:initialization.obj
 0001:0000461c       __acrt_thread_detach       000000018000561c f   libucrt:initialization.obj
 0001:0000462c       __acrt_uninitialize        000000018000562c f   libucrt:initialization.obj
 0001:00004640       __acrt_uninitialize_critical 0000000180005640 f   libucrt:initialization.obj
 0001:00004650       terminate                  0000000180005650 f   libucrt:terminate.obj
 0001:00004678       strcpy_s                   0000000180005678 f   libucrt:strcpy_s.obj
 0001:000046d8       _free_base                 00000001800056d8 f   libucrt:free_base.obj
 0001:00004718       _malloc_base               0000000180005718 f   libucrt:malloc_base.obj
 0001:00004778       abort                      0000000180005778 f   libucrt:abort.obj
 0001:000047d0       _calloc_base               00000001800057d0 f   libucrt:calloc_base.obj
 0001:00004848       ??$?RV<lambda_46352004c1216016012b18bd6f87e700>@@AEAV<lambda_3bd07e1a1191394380780325891bf33f>@@V<lambda_334532d3f185bcaa59b5be82d7d22bff>@@@?$__crt_seh_guarded_call@X@@QEAAX$$QEAV<lambda_46352004c1216016012b18bd6f87e700>@@AEAV<lambda_3bd07e1a1191394380780325891bf33f>@@$$QEAV<lambda_334532d3f185bcaa59b5be82d7d22bff>@@@Z 0000000180005848 f i libucrt:per_thread_data.obj
 0001:000048a8       ??$?RV<lambda_5e887d1dcbef67a5eb4283622ba103bf>@@AEAV<lambda_4466841279450cc726390878d4a41900>@@V<lambda_341c25c0346d94847f1f3c463c57e077>@@@?$__crt_seh_guarded_call@X@@QEAAX$$QEAV<lambda_5e887d1dcbef67a5eb4283622ba103bf>@@AEAV<lambda_4466841279450cc726390878d4a41900>@@$$QEAV<lambda_341c25c0346d94847f1f3c463c57e077>@@@Z 00000001800058a8 f i libucrt:per_thread_data.obj
 0001:000048f0       ??$?RV<lambda_72d1df2b273a38828b1ce30cbf4cdab5>@@AEAV<lambda_876a65b173b8412d3a47c70a915b0cf4>@@V<lambda_41932305e351933ebe8f8be3ed8bb5dc>@@@?$__crt_seh_guarded_call@X@@QEAAX$$QEAV<lambda_72d1df2b273a38828b1ce30cbf4cdab5>@@AEAV<lambda_876a65b173b8412d3a47c70a915b0cf4>@@$$QEAV<lambda_41932305e351933ebe8f8be3ed8bb5dc>@@@Z 00000001800058f0 f i libucrt:per_thread_data.obj
 0001:00004930       ??$?RV<lambda_fb3a7dec4e47f37f22dae91bb15c9095>@@AEAV<lambda_698284760c8add0bfb0756c19673e34b>@@V<lambda_dfb8eca1e75fef3034a8fb18dd509707>@@@?$__crt_seh_guarded_call@X@@QEAAX$$QEAV<lambda_fb3a7dec4e47f37f22dae91bb15c9095>@@AEAV<lambda_698284760c8add0bfb0756c19673e34b>@@$$QEAV<lambda_dfb8eca1e75fef3034a8fb18dd509707>@@@Z 0000000180005930 f i libucrt:per_thread_data.obj
 0001:00004bc0       __acrt_freeptd             0000000180005bc0 f   libucrt:per_thread_data.obj
 0001:00004c04       __acrt_getptd              0000000180005c04 f   libucrt:per_thread_data.obj
 0001:00004c98       __acrt_getptd_noexit       0000000180005c98 f   libucrt:per_thread_data.obj
 0001:00004d38       __acrt_initialize_ptd      0000000180005d38 f   libucrt:per_thread_data.obj
 0001:00004d74       __acrt_uninitialize_ptd    0000000180005d74 f   libucrt:per_thread_data.obj
 0001:00004d98       __acrt_errno_from_os_error 0000000180005d98 f   libucrt:errno.obj
 0001:00004de0       __acrt_errno_map_os_error  0000000180005de0 f   libucrt:errno.obj
 0001:00004e30       __doserrno                 0000000180005e30 f   libucrt:errno.obj
 0001:00004e50       _errno                     0000000180005e50 f   libucrt:errno.obj
 0001:00004ec0       _tolower_l                 0000000180005ec0 f   libucrt:tolower_toupper.obj
 0001:00005000       __acrt_update_locale_info  0000000180006000 f   libucrt:locale_update.obj
 0001:00005034       __acrt_update_multibyte_info 0000000180006034 f   libucrt:locale_update.obj
 0001:00005068       __acrt_set_locale_changed  0000000180006068 f   libucrt:wsetlocale.obj
 0001:00005074       __acrt_uninitialize_locale 0000000180006074 f   libucrt:wsetlocale.obj
 0001:000050bc       __acrt_initialize_locks    00000001800060bc f   libucrt:locks.obj
 0001:00005104       __acrt_lock                0000000180006104 f   libucrt:locks.obj
 0001:00005120       __acrt_uninitialize_locks  0000000180006120 f   libucrt:locks.obj
 0001:00005158       __acrt_unlock              0000000180006158 f   libucrt:locks.obj
 0001:00005314       __acrt_FlsAlloc            0000000180006314 f   libucrt:winapi_thunks.obj
 0001:0000536c       __acrt_FlsFree             000000018000636c f   libucrt:winapi_thunks.obj
 0001:000053c4       __acrt_FlsGetValue         00000001800063c4 f   libucrt:winapi_thunks.obj
 0001:0000541c       __acrt_FlsSetValue         000000018000641c f   libucrt:winapi_thunks.obj
 0001:00005484       __acrt_InitializeCriticalSectionEx 0000000180006484 f   libucrt:winapi_thunks.obj
 0001:000054fc       __acrt_LCMapStringEx       00000001800064fc f   libucrt:winapi_thunks.obj
 0001:000055ec       __acrt_LocaleNameToLCID    00000001800065ec f   libucrt:winapi_thunks.obj
 0001:00005654       __acrt_initialize_winapi_thunks 0000000180006654 f   libucrt:winapi_thunks.obj
 0001:0000568c       __acrt_is_packaged_app     000000018000668c f   libucrt:winapi_thunks.obj
 0001:00005714       __acrt_uninitialize_winapi_thunks 0000000180006714 f   libucrt:winapi_thunks.obj
 0001:00005c34       ?expand_if_necessary@?$argument_list@D@?A0xca0879c4@@AEAAHXZ 0000000180006c34 f i libucrt:argv_wildcards.obj
 0001:00005cfc       __acrt_expand_narrow_argv_wildcards 0000000180006cfc f   libucrt:argv_wildcards.obj
 0001:00005d04       ??$?RV<lambda_99476a1ad63dd22509b5d3e65b0ffc95>@@AEAV<lambda_ad1ced32f4ac17aa236e5ef05d6b3b7c>@@V<lambda_f7424dd8d45958661754dc4f2697e9c3>@@@?$__crt_seh_guarded_call@X@@QEAAX$$QEAV<lambda_99476a1ad63dd22509b5d3e65b0ffc95>@@AEAV<lambda_ad1ced32f4ac17aa236e5ef05d6b3b7c>@@$$QEAV<lambda_f7424dd8d45958661754dc4f2697e9c3>@@@Z 0000000180006d04 f i libucrt:mbctype.obj
 0001:00006400       __acrt_initialize_multibyte 0000000180007400 f   libucrt:mbctype.obj
 0001:00006428       __acrt_update_thread_multibyte_data 0000000180007428 f   libucrt:mbctype.obj
 0001:000064e8       _setmbcp_nolock            00000001800074e8 f   libucrt:mbctype.obj
 0001:00006808       _ismbblead                 0000000180007808 f   libucrt:ismbbyte.obj
 0001:0000681c       __acrt_initialize_command_line 000000018000781c f   libucrt:argv_data.obj
 0001:00006844       __dcrt_get_narrow_environment_from_os 0000000180007844 f   libucrt:get_environment_from_os.obj
 0001:00006948       _recalloc                  0000000180007948 f   libucrt:recalloc.obj
 0001:00006950       _recalloc_base             0000000180007950 f   libucrt:recalloc.obj
 0001:000069e8       __acrt_initialize_heap     00000001800079e8 f   libucrt:heap_handle.obj
 0001:00006a04       __acrt_uninitialize_heap   0000000180007a04 f   libucrt:heap_handle.obj
 0001:00006bf8       __acrt_initialize_lowio    0000000180007bf8 f   libucrt:ioinit.obj
 0001:00006c34       __acrt_uninitialize_lowio  0000000180007c34 f   libucrt:ioinit.obj
 0001:00006c74       __acrt_execute_initializers 0000000180007c74 f   libucrt:shared_initialization.obj
 0001:00006d08       __acrt_execute_uninitializers 0000000180007d08 f   libucrt:shared_initialization.obj
 0001:00006d58       ??$?RV<lambda_c36588078e9f5dfd39652860aa6b3aaf>@@AEAV<lambda_ec61778202f4f5fc7e7711acc23c3bca>@@V<lambda_dc9d2797ccde5d239b4a0efae8ebd7db>@@@?$__crt_seh_guarded_call@P6AXH@Z@@QEAAP6AXH@Z$$QEAV<lambda_c36588078e9f5dfd39652860aa6b3aaf>@@AEAV<lambda_ec61778202f4f5fc7e7711acc23c3bca>@@$$QEAV<lambda_dc9d2797ccde5d239b4a0efae8ebd7db>@@@Z 0000000180007d58 f i libucrt:signal.obj
 0001:00006da0       __acrt_get_sigabrt_handler 0000000180007da0 f   libucrt:signal.obj
 0001:00006dd0       __acrt_initialize_signal_handlers 0000000180007dd0 f   libucrt:signal.obj
 0001:00006df0       raise                      0000000180007df0 f   libucrt:signal.obj
 0001:0000708c       __acrt_has_user_matherr    000000018000808c f   libucrt:matherr.obj
 0001:000070ac       __acrt_initialize_user_matherr 00000001800080ac f   libucrt:matherr.obj
 0001:000070b4       __acrt_invoke_user_matherr 00000001800080b4 f   libucrt:matherr.obj
 0001:000070fc       _query_new_mode            00000001800080fc f   libucrt:new_mode.obj
 0001:00007104       _mbtowc_l                  0000000180008104 f   libucrt:mbtowc.obj
 0001:0000724c       mbtowc                     000000018000824c f   libucrt:mbtowc.obj
 0001:00007254       _fileno                    0000000180008254 f   libucrt:fileno.obj
 0001:0000727c       __acrt_initialize_stdio    000000018000827c f   libucrt:_file.obj
 0001:0000739c       __acrt_uninitialize_stdio  000000018000839c f   libucrt:_file.obj
 0001:000073f8       _lock_file                 00000001800083f8 f   libucrt:_file.obj
 0001:00007404       _unlock_file               0000000180008404 f   libucrt:_file.obj
 0001:00007410       __pctype_func              0000000180008410 f   libucrt:ctype.obj
 0001:00007440       _isctype_l                 0000000180008440 f   libucrt:isctype.obj
 0001:00007550       __acrt_add_locale_ref      0000000180008550 f   libucrt:locale_refcounting.obj
 0001:000075dc       __acrt_free_locale         00000001800085dc f   libucrt:locale_refcounting.obj
 0001:00007754       __acrt_locale_add_lc_time_reference 0000000180008754 f   libucrt:locale_refcounting.obj
 0001:0000777c       __acrt_locale_free_lc_time_if_unreferenced 000000018000877c f   libucrt:locale_refcounting.obj
 0001:000077b4       __acrt_locale_release_lc_time_reference 00000001800087b4 f   libucrt:locale_refcounting.obj
 0001:000077dc       __acrt_release_locale_ref  00000001800087dc f   libucrt:locale_refcounting.obj
 0001:00007884       __acrt_update_thread_locale_data 0000000180008884 f   libucrt:locale_refcounting.obj
 0001:000078f4       _updatetlocinfoEx_nolock   00000001800088f4 f   libucrt:locale_refcounting.obj
 0001:0000795c       _isleadbyte_l              000000018000895c f i libucrt:_wctype.obj
 0001:00007cf8       __acrt_LCMapStringA        0000000180008cf8 f   libucrt:lcmapstringa.obj
 0001:00007d90       __acrt_locale_free_monetary 0000000180008d90 f   libucrt:initmon.obj
 0001:00007e9c       __acrt_locale_free_numeric 0000000180008e9c f   libucrt:initnum.obj
 0001:00007f60       __acrt_locale_free_time    0000000180008f60 f   libucrt:inittime.obj
 0001:00008068       __acrt_GetStringTypeA      0000000180009068 f   libucrt:getstringtypea.obj
 0001:000082e4       __acrt_DownlevelLocaleNameToLCID 00000001800092e4 f   libucrt:lcidtoname_downlevel.obj
 0001:000083f0       qsort                      00000001800093f0 f   libucrt:qsort.obj
 0001:00008724       strncpy_s                  0000000180009724 f   libucrt:strncpy_s.obj
 0001:000087f8       strpbrk                    00000001800097f8 f   libucrt:strpbrk.obj
 0001:00008898       _mbsdec                    0000000180009898 f   libucrt:mbsdec.obj
 0001:000088a0       _mbsdec_l                  00000001800098a0 f   libucrt:mbsdec.obj
 0001:00008950       _msize                     0000000180009950 f   libucrt:msize.obj
 0001:0000898c       _realloc_base              000000018000998c f   libucrt:realloc_base.obj
 0001:00008a10       __acrt_lowio_create_handle_array 0000000180009a10 f   libucrt:osfinfo.obj
 0001:00008aa8       __acrt_lowio_destroy_handle_array 0000000180009aa8 f   libucrt:osfinfo.obj
 0001:00008af8       __acrt_lowio_ensure_fh_exists 0000000180009af8 f   libucrt:osfinfo.obj
 0001:00008bb0       __acrt_lowio_lock_fh       0000000180009bb0 f   libucrt:osfinfo.obj
 0001:00008bd4       __acrt_lowio_unlock_fh     0000000180009bd4 f   libucrt:osfinfo.obj
 0001:00008bf8       _free_osfhnd               0000000180009bf8 f   libucrt:osfinfo.obj
 0001:00008cb4       _get_osfhandle             0000000180009cb4 f   libucrt:osfinfo.obj
 0001:00008d2c       _isatty                    0000000180009d2c f   libucrt:isatty.obj
 0001:00008d8c       __acrt_stdio_flush_nolock  0000000180009d8c f   libucrt:fflush.obj
 0001:00008e04       _fflush_nolock             0000000180009e04 f   libucrt:fflush.obj
 0001:00008e50       _flushall                  0000000180009e50 f   libucrt:fflush.obj
 0001:00008f40       _fcloseall                 0000000180009f40 f   libucrt:closeall.obj
 0001:00008ff4       __acrt_stdio_free_buffer_nolock 0000000180009ff4 f   libucrt:_freebuf.obj
 0001:00009034       __strncnt                  000000018000a034 f   libucrt:strncnt.obj
 0001:0000904c       _query_app_type            000000018000a04c f   libucrt:report_runtime_error.obj
 0001:00009054       ??$?RV<lambda_b521505b218e5242e90febf6bfebc422>@@AEAV<lambda_6978c1fb23f02e42e1d9e99668cc68aa>@@V<lambda_314360699dd331753a4119843814e9a7>@@@?$__crt_seh_guarded_call@H@@QEAAH$$QEAV<lambda_b521505b218e5242e90febf6bfebc422>@@AEAV<lambda_6978c1fb23f02e42e1d9e99668cc68aa>@@$$QEAV<lambda_314360699dd331753a4119843814e9a7>@@@Z 000000018000a054 f i libucrt:commit.obj
 0001:000090e0       _commit                    000000018000a0e0 f   libucrt:commit.obj
 0001:00009714       _write                     000000018000a714 f   libucrt:write.obj
 0001:00009800       _write_nolock              000000018000a800 f   libucrt:write.obj
 0001:00009af0       log10                      000000018000aaf0 f   libucrt:log10.obj
 0001:0000a138       _lseeki64_nolock           000000018000b138 f   libucrt:lseek.obj
 0001:0000a140       _fclose_nolock             000000018000b140 f   libucrt:fclose.obj
 0001:0000a1c4       fclose                     000000018000b1c4 f   libucrt:fclose.obj
 0001:0000a230       _putwch_nolock             000000018000b230 f   libucrt:putwch.obj
 0001:0000a3b0       _handle_error              000000018000b3b0 f   libucrt:libm_error.obj
 0001:0000a4e0       __acrt_initialize_fma3     000000018000b4e0 f   libucrt:fma3_available.obj
 0001:0000a550       _log10_special             000000018000b550 f   libucrt:log_special.obj
 0001:0000a608       ??$?RV<lambda_bfedae4ebbf01fab1bb6dcc6a9e276e0>@@AEAV<lambda_2fe9b910cf3cbf4a0ab98a02ba45b3ec>@@V<lambda_237c231691f317818eb88cc1d5d642d6>@@@?$__crt_seh_guarded_call@H@@QEAAH$$QEAV<lambda_bfedae4ebbf01fab1bb6dcc6a9e276e0>@@AEAV<lambda_2fe9b910cf3cbf4a0ab98a02ba45b3ec>@@$$QEAV<lambda_237c231691f317818eb88cc1d5d642d6>@@@Z 000000018000b608 f i libucrt:close.obj
 0001:0000a67c       _close                     000000018000b67c f   libucrt:close.obj
 0001:0000a720       _close_nolock              000000018000b720 f   libucrt:close.obj
 0001:0000a7dc       ?__acrt_stdio_free_stream@@YAXV__crt_stdio_stream@@@Z 000000018000b7dc f   libucrt:stream.obj
 0001:0000a820       __dcrt_lowio_initialize_console_output 000000018000b820 f   libucrt:initcon.obj
 0001:0000a85c       __dcrt_terminate_console_output 000000018000b85c f   libucrt:initcon.obj
 0001:0000a890       _get_fpsr                  000000018000b890 f   libucrt:fpsr.obj
 0001:0000a8a0       _set_fpsr                  000000018000b8a0 f   libucrt:fpsr.obj
 0001:0000a8aa       _fclrf                     000000018000b8aa f   libucrt:fpsr.obj
 0001:0000a8be       _frnd                      000000018000b8be f   libucrt:fpsr.obj
 0001:0000a8e0       _raise_exc                 000000018000b8e0 f   libucrt:fpexcept.obj
 0001:0000a908       _raise_exc_ex              000000018000b908 f   libucrt:fpexcept.obj
 0001:0000ac10       _set_errno_from_matherr    000000018000bc10 f   libucrt:fpexcept.obj
 0001:0000ac40       _clrfp                     000000018000bc40 f   libucrt:fpctrl.obj
 0001:0000ac60       _ctrlfp                    000000018000bc60 f   libucrt:fpctrl.obj
 0001:0000acdc       _set_statfp                000000018000bcdc f   libucrt:fpctrl.obj
 0001:0000acfc       _statfp                    000000018000bcfc f   libucrt:fpctrl.obj
 0001:0000ad0e       IsProcessorFeaturePresent  000000018000bd0e f   kernel32:KERNEL32.dll
 0001:0000ad14       RtlUnwindEx                000000018000bd14 f   kernel32:KERNEL32.dll
 0001:0000ad1c       ?DloadAcquireSectionWriteAccess@@YAXXZ 000000018000bd1c f i DelayImp:delayhlp.obj
 0001:0000add8       ?DloadGetSRWLockFunctionPointers@@YAEXZ 000000018000bdd8 f i DelayImp:delayhlp.obj
 0001:0000ae74       ?DloadMakePermanentImageCommit@@YAXPEAX_K@Z 000000018000be74 f i DelayImp:delayhlp.obj
 0001:0000af0c       ?DloadObtainSection@@YAPEAXPEAK0@Z 000000018000bf0c f i DelayImp:delayhlp.obj
 0001:0000afa4       ?DloadProtectSection@@YAXKPEAK@Z 000000018000bfa4 f i DelayImp:delayhlp.obj
 0001:0000b034       ?DloadReleaseSectionWriteAccess@@YAXXZ 000000018000c034 f i DelayImp:delayhlp.obj
 0001:0000b0d8       __delayLoadHelper2         000000018000c0d8 f   DelayImp:delayhlp.obj
 0001:0000b3e0       _FindPESection             000000018000c3e0 f   LIBCMT:pesect.obj
 0001:0000b430       _IsNonwritableInCurrentImage 000000018000c430 f   LIBCMT:pesect.obj
 0001:0000b480       _ValidateImageBase         000000018000c480 f   LIBCMT:pesect.obj
 0001:0000b4b0       __GSHandlerCheck           000000018000c4b0 f   LIBCMT:_gshandler_.obj
 0001:0000b4d0       __GSHandlerCheckCommon     000000018000c4d0 f   LIBCMT:_gshandler_.obj
 0001:0000b540       _alloca_probe              000000018000c540 f   LIBCMT:_chkstk_.obj
 0001:0000b540       __chkstk                   000000018000c540 f   LIBCMT:_chkstk_.obj
 0001:0000b5b0       memcmp                     000000018000c5b0 f   libvcruntime:memcmp.obj
 0001:0000b690       _guard_dispatch_icall_nop  000000018000c690 f   LIBCMT:_guard_dispatch_.obj
 0002:00000000       __imp_Process32First       000000018000d000     kernel32:KERNEL32.dll
 0002:00000008       __imp_SetLastError         000000018000d008     kernel32:KERNEL32.dll
 0002:00000010       __imp_GetModuleHandleA     000000018000d010     kernel32:KERNEL32.dll
 0002:00000018       __imp_CreateToolhelp32Snapshot 000000018000d018     kernel32:KERNEL32.dll
 0002:00000020       __imp_Sleep                000000018000d020     kernel32:KERNEL32.dll
 0002:00000028       __imp_GetLastError         000000018000d028     kernel32:KERNEL32.dll
 0002:00000030       __imp_Process32Next        000000018000d030     kernel32:KERNEL32.dll
 0002:00000038       __imp_CloseHandle          000000018000d038     kernel32:KERNEL32.dll
 0002:00000040       __imp_VirtualQuery         000000018000d040     kernel32:KERNEL32.dll
 0002:00000048       __imp_VirtualProtect       000000018000d048     kernel32:KERNEL32.dll
 0002:00000050       __imp_GetSystemInfo        000000018000d050     kernel32:KERNEL32.dll
 0002:00000058       __imp_CreateFileW          000000018000d058     kernel32:KERNEL32.dll
 0002:00000060       __imp_WriteConsoleW        000000018000d060     kernel32:KERNEL32.dll
 0002:00000068       __imp_RtlCaptureContext    000000018000d068     kernel32:KERNEL32.dll
 0002:00000070       __imp_RtlLookupFunctionEntry 000000018000d070     kernel32:KERNEL32.dll
 0002:00000078       __imp_RtlVirtualUnwind     000000018000d078     kernel32:KERNEL32.dll
 0002:00000080       __imp_UnhandledExceptionFilter 000000018000d080     kernel32:KERNEL32.dll
 0002:00000088       __imp_SetUnhandledExceptionFilter 000000018000d088     kernel32:KERNEL32.dll
 0002:00000090       __imp_GetCurrentProcess    000000018000d090     kernel32:KERNEL32.dll
 0002:00000098       __imp_TerminateProcess     000000018000d098     kernel32:KERNEL32.dll
 0002:000000a0       __imp_IsProcessorFeaturePresent 000000018000d0a0     kernel32:KERNEL32.dll
 0002:000000a8       __imp_QueryPerformanceCounter 000000018000d0a8     kernel32:KERNEL32.dll
 0002:000000b0       __imp_GetCurrentProcessId  000000018000d0b0     kernel32:KERNEL32.dll
 0002:000000b8       __imp_GetCurrentThreadId   000000018000d0b8     kernel32:KERNEL32.dll
 0002:000000c0       __imp_GetSystemTimeAsFileTime 000000018000d0c0     kernel32:KERNEL32.dll
 0002:000000c8       __imp_InitializeSListHead  000000018000d0c8     kernel32:KERNEL32.dll
 0002:000000d0       __imp_IsDebuggerPresent    000000018000d0d0     kernel32:KERNEL32.dll
 0002:000000d8       __imp_GetStartupInfoW      000000018000d0d8     kernel32:KERNEL32.dll
 0002:000000e0       __imp_GetModuleHandleW     000000018000d0e0     kernel32:KERNEL32.dll
 0002:000000e8       __imp_RtlPcToFileHeader    000000018000d0e8     kernel32:KERNEL32.dll
 0002:000000f0       __imp_RaiseException       000000018000d0f0     kernel32:KERNEL32.dll
 0002:000000f8       __imp_RtlUnwindEx          000000018000d0f8     kernel32:KERNEL32.dll
 0002:00000100       __imp_InterlockedFlushSList 000000018000d100     kernel32:KERNEL32.dll
 0002:00000108       __imp_EnterCriticalSection 000000018000d108     kernel32:KERNEL32.dll
 0002:00000110       __imp_LeaveCriticalSection 000000018000d110     kernel32:KERNEL32.dll
 0002:00000118       __imp_DeleteCriticalSection 000000018000d118     kernel32:KERNEL32.dll
 0002:00000120       __imp_InitializeCriticalSectionAndSpinCount 000000018000d120     kernel32:KERNEL32.dll
 0002:00000128       __imp_TlsAlloc             000000018000d128     kernel32:KERNEL32.dll
 0002:00000130       __imp_TlsGetValue          000000018000d130     kernel32:KERNEL32.dll
 0002:00000138       __imp_TlsSetValue          000000018000d138     kernel32:KERNEL32.dll
 0002:00000140       __imp_TlsFree              000000018000d140     kernel32:KERNEL32.dll
 0002:00000148       __imp_FreeLibrary          000000018000d148     kernel32:KERNEL32.dll
 0002:00000150       __imp_GetProcAddress       000000018000d150     kernel32:KERNEL32.dll
 0002:00000158       __imp_LoadLibraryExW       000000018000d158     kernel32:KERNEL32.dll
 0002:00000160       __imp_ExitProcess          000000018000d160     kernel32:KERNEL32.dll
 0002:00000168       __imp_GetModuleHandleExW   000000018000d168     kernel32:KERNEL32.dll
 0002:00000170       __imp_GetModuleFileNameA   000000018000d170     kernel32:KERNEL32.dll
 0002:00000178       __imp_MultiByteToWideChar  000000018000d178     kernel32:KERNEL32.dll
 0002:00000180       __imp_WideCharToMultiByte  000000018000d180     kernel32:KERNEL32.dll
 0002:00000188       __imp_HeapFree             000000018000d188     kernel32:KERNEL32.dll
 0002:00000190       __imp_HeapAlloc            000000018000d190     kernel32:KERNEL32.dll
 0002:00000198       __imp_GetACP               000000018000d198     kernel32:KERNEL32.dll
 0002:000001a0       __imp_LCMapStringW         000000018000d1a0     kernel32:KERNEL32.dll
 0002:000001a8       __imp_FindClose            000000018000d1a8     kernel32:KERNEL32.dll
 0002:000001b0       __imp_FindFirstFileExA     000000018000d1b0     kernel32:KERNEL32.dll
 0002:000001b8       __imp_FindNextFileA        000000018000d1b8     kernel32:KERNEL32.dll
 0002:000001c0       __imp_IsValidCodePage      000000018000d1c0     kernel32:KERNEL32.dll
 0002:000001c8       __imp_GetOEMCP             000000018000d1c8     kernel32:KERNEL32.dll
 0002:000001d0       __imp_GetCPInfo            000000018000d1d0     kernel32:KERNEL32.dll
 0002:000001d8       __imp_GetCommandLineA      000000018000d1d8     kernel32:KERNEL32.dll
 0002:000001e0       __imp_GetCommandLineW      000000018000d1e0     kernel32:KERNEL32.dll
 0002:000001e8       __imp_GetEnvironmentStringsW 000000018000d1e8     kernel32:KERNEL32.dll
 0002:000001f0       __imp_FreeEnvironmentStringsW 000000018000d1f0     kernel32:KERNEL32.dll
 0002:000001f8       __imp_GetProcessHeap       000000018000d1f8     kernel32:KERNEL32.dll
 0002:00000200       __imp_GetStdHandle         000000018000d200     kernel32:KERNEL32.dll
 0002:00000208       __imp_GetFileType          000000018000d208     kernel32:KERNEL32.dll
 0002:00000210       __imp_GetStringTypeW       000000018000d210     kernel32:KERNEL32.dll
 0002:00000218       __imp_HeapSize             000000018000d218     kernel32:KERNEL32.dll
 0002:00000220       __imp_HeapReAlloc          000000018000d220     kernel32:KERNEL32.dll
 0002:00000228       __imp_SetStdHandle         000000018000d228     kernel32:KERNEL32.dll
 0002:00000230       __imp_WriteFile            000000018000d230     kernel32:KERNEL32.dll
 0002:00000238       __imp_FlushFileBuffers     000000018000d238     kernel32:KERNEL32.dll
 0002:00000240       __imp_GetConsoleCP         000000018000d240     kernel32:KERNEL32.dll
 0002:00000248       __imp_GetConsoleMode       000000018000d248     kernel32:KERNEL32.dll
 0002:00000250       __imp_SetFilePointerEx     000000018000d250     kernel32:KERNEL32.dll
 0002:00000258       __imp_LoadLibraryExA       000000018000d258     kernel32:KERNEL32.dll
 0002:00000260       \177KERNEL32_NULL_THUNK_DATA 000000018000d260     kernel32:KERNEL32.dll
 0002:00000268       __imp_OpenIcon             000000018000d268     user32:USER32.dll
 0002:00000270       __imp_EnumWindows          000000018000d270     user32:USER32.dll
 0002:00000278       __imp_SetForegroundWindow  000000018000d278     user32:USER32.dll
 0002:00000280       __imp_IsIconic             000000018000d280     user32:USER32.dll
 0002:00000288       __imp_GetWindowThreadProcessId 000000018000d288     user32:USER32.dll
 0002:00000290       \177USER32_NULL_THUNK_DATA 000000018000d290     user32:USER32.dll
 0002:00000298       __guard_check_icall_fptr   000000018000d298     LIBCMT:guard_support.obj
 0002:000002a0       __guard_dispatch_icall_fptr 000000018000d2a0     LIBCMT:guard_support.obj
 0002:000002a8       __xc_a                     000000018000d2a8     LIBCMT:initializers.obj
 0002:000002b0       _register_focus_           000000018000d2b0     focus.obj
 0002:000002b8       __xc_z                     000000018000d2b8     LIBCMT:initializers.obj
 0002:000002c0       __xi_a                     000000018000d2c0     LIBCMT:initializers.obj
 0002:000002c8       __acrt_multibyte_initializer 000000018000d2c8     libucrt:multibyte_initializer.obj
 0002:000002d0       __acrt_stdio_initializer   000000018000d2d0     libucrt:stdio_initializer.obj
 0002:000002d8       __acrt_tran_fma3_initializer 000000018000d2d8     libucrt:fma3_initializer.obj
 0002:000002e0       __xi_z                     000000018000d2e0     LIBCMT:initializers.obj
 0002:000002e8       __xp_a                     000000018000d2e8     LIBCMT:initializers.obj
 0002:000002f0       __acrt_locale_terminator   000000018000d2f0     libucrt:locale_initializer.obj
 0002:000002f8       __dcrt_console_output_terminator 000000018000d2f8     libucrt:console_output_initializer.obj
 0002:00000300       __acrt_stdio_terminator    000000018000d300     libucrt:stdio_initializer.obj
 0002:00000308       __xp_z                     000000018000d308     LIBCMT:initializers.obj
 0002:00000310       __xt_a                     000000018000d310     LIBCMT:initializers.obj
 0002:00000318       __xt_z                     000000018000d318     LIBCMT:initializers.obj
 0002:00000320       __sz_node_exe              000000018000d320     node:node.exe
 0002:00000338       ??_7exception@std@@6B@     000000018000d338     libcpmt:xthrow.obj
 0002:00000348       ??_C@_0BC@EOODALEL@Unknown?5exception?$AA@ 000000018000d348     libcpmt:xthrow.obj
 0002:00000368       ??_7bad_alloc@std@@6B@     000000018000d368     libcpmt:xthrow.obj
 0002:00000378       ??_C@_0P@GHFPNOJB@bad?5allocation?$AA@ 000000018000d378     libcpmt:xthrow.obj
 0002:00000390       ??_7logic_error@std@@6B@   000000018000d390     libcpmt:xthrow.obj
 0002:000003a8       ??_7length_error@std@@6B@  000000018000d3a8     libcpmt:xthrow.obj
 0002:000003c0       ??_7out_of_range@std@@6B@  000000018000d3c0     libcpmt:xthrow.obj
 0002:000003d0       _pRawDllMain               000000018000d3d0     LIBCMT:dll_dllmain.obj
 0002:000003d0       _pDefaultRawDllMain        000000018000d3d0     LIBCMT:dll_dllmain.obj
 0002:000003e0       ??_7type_info@@6B@         000000018000d3e0     LIBCMT:std_type_info_static.obj
 0002:00000400       ??_7bad_array_new_length@std@@6B@ 000000018000d400     LIBCMT:throw_bad_alloc.obj
 0002:00000410       ??_C@_0BF@KINCDENJ@bad?5array?5new?5length?$AA@ 000000018000d410     LIBCMT:throw_bad_alloc.obj
 0002:00000490       ??_C@_1BC@DNHGCMLG@?$AAa?$AAd?$AAv?$AAa?$AAp?$AAi?$AA3?$AA2?$AA?$AA@ 000000018000d490     libvcruntime:winapi_downlevel.obj
 0002:000004a8       ??_C@_1DM@KHCHBNEB@?$AAa?$AAp?$AAi?$AA?9?$AAm?$AAs?$AA?9?$AAw?$AAi?$AAn?$AA?9?$AAc?$AAo?$AAr?$AAe?$AA?9?$AAf?$AAi?$AAb?$AAe?$AAr?$AAs?$AA?9?$AAl?$AA1?$AA?9?$AA1?$AA?9?$AA1?$AA?$AA@ 000000018000d4a8     libvcruntime:winapi_downlevel.obj
 0002:000004e8       ??_C@_1DK@LPPGFMPP@?$AAa?$AAp?$AAi?$AA?9?$AAm?$AAs?$AA?9?$AAw?$AAi?$AAn?$AA?9?$AAc?$AAo?$AAr?$AAe?$AA?9?$AAs?$AAy?$AAn?$AAc?$AAh?$AA?9?$AAl?$AA1?$AA?9?$AA2?$AA?9?$AA0?$AA?$AA@ 000000018000d4e8     libvcruntime:winapi_downlevel.obj
 0002:00000528       ??_C@_1BC@GDMECMAK@?$AAk?$AAe?$AAr?$AAn?$AAe?$AAl?$AA3?$AA2?$AA?$AA@ 000000018000d528     libvcruntime:winapi_downlevel.obj
 0002:00000548       ??_C@_08KNHFBNJ@FlsAlloc?$AA@ 000000018000d548     libvcruntime:winapi_downlevel.obj
 0002:00000560       ??_C@_07PEJMOBNF@FlsFree?$AA@ 000000018000d560     libvcruntime:winapi_downlevel.obj
 0002:00000570       ??_C@_0M@GDNOONDI@FlsGetValue?$AA@ 000000018000d570     libvcruntime:winapi_downlevel.obj
 0002:00000588       ??_C@_0M@JCPCPOEF@FlsSetValue?$AA@ 000000018000d588     libvcruntime:winapi_downlevel.obj
 0002:000005a0       ??_C@_0BM@HCFOFFN@InitializeCriticalSectionEx?$AA@ 000000018000d5a0     libvcruntime:winapi_downlevel.obj
 0002:000008e0       ??_C@_08EHJDFFNH@__based?$CI?$AA@ 000000018000d8e0     libvcruntime:undname.obj
 0002:000008f0       ??_C@_07KOLFKCDI@__cdecl?$AA@ 000000018000d8f0     libvcruntime:undname.obj
 0002:000008f8       ??_C@_08GHMPAG@__pascal?$AA@ 000000018000d8f8     libvcruntime:undname.obj
 0002:00000908       ??_C@_09IFJBGAPI@__stdcall?$AA@ 000000018000d908     libvcruntime:undname.obj
 0002:00000918       ??_C@_0L@NPHFGOKO@__thiscall?$AA@ 000000018000d918     libvcruntime:undname.obj
 0002:00000928       ??_C@_0L@JMKHOMEK@__fastcall?$AA@ 000000018000d928     libvcruntime:undname.obj
 0002:00000938       ??_C@_0N@BCKKPABJ@__vectorcall?$AA@ 000000018000d938     libvcruntime:undname.obj
 0002:00000948       ??_C@_09HIJEGCPM@__clrcall?$AA@ 000000018000d948     libvcruntime:undname.obj
 0002:00000954       ??_C@_06GHPCKEAG@__eabi?$AA@ 000000018000d954     libvcruntime:undname.obj
 0002:00000960       ??_C@_07JOMMBBKO@__ptr64?$AA@ 000000018000d960     libvcruntime:undname.obj
 0002:00000968       ??_C@_0L@PILCLIHE@__restrict?$AA@ 000000018000d968     libvcruntime:undname.obj
 0002:00000978       ??_C@_0M@GFIIJFMG@__unaligned?$AA@ 000000018000d978     libvcruntime:undname.obj
 0002:00000988       ??_C@_09DHDLOLLB@restrict?$CI?$AA@ 000000018000d988     libvcruntime:undname.obj
 0002:00000992       ??_C@_00CNPNBAHC@?$AA@     000000018000d992     libvcruntime:undname.obj
 0002:00000994       ??_C@_04NIHEBCM@?5new?$AA@ 000000018000d994     libvcruntime:undname.obj
 0002:000009a0       ??_C@_07FPCDHGMM@?5delete?$AA@ 000000018000d9a0     libvcruntime:undname.obj
 0002:000009a8       ??_C@_01NEMOKFLO@?$DN?$AA@ 000000018000d9a8     libvcruntime:undname.obj
 0002:000009ac       ??_C@_02GPIOPFAK@?$DO?$DO?$AA@ 000000018000d9ac     libvcruntime:undname.obj
 0002:000009b0       ??_C@_02FODMEDOG@?$DM?$DM?$AA@ 000000018000d9b0     libvcruntime:undname.obj
 0002:000009b4       ??_C@_01DCLJPIOD@?$CB?$AA@ 000000018000d9b4     libvcruntime:undname.obj
 0002:000009b8       ??_C@_02EGOFBIJA@?$DN?$DN?$AA@ 000000018000d9b8     libvcruntime:undname.obj
 0002:000009bc       ??_C@_02FDNJECIE@?$CB?$DN?$AA@ 000000018000d9bc     libvcruntime:undname.obj
 0002:000009c0       ??_C@_02GPECMEKF@?$FL?$FN?$AA@ 000000018000d9c0     libvcruntime:undname.obj
 0002:000009c8       ??_C@_08LHJFAFGD@operator?$AA@ 000000018000d9c8     libvcruntime:undname.obj
 0002:000009d4       ??_C@_02HBOOOICD@?9?$DO?$AA@ 000000018000d9d4     libvcruntime:undname.obj
 0002:000009d8       ??_C@_01NBENCBCI@?$CK?$AA@ 000000018000d9d8     libvcruntime:undname.obj
 0002:000009dc       ??_C@_02ECNGHCIF@?$CL?$CL?$AA@ 000000018000d9dc     libvcruntime:undname.obj
 0002:000009e0       ??_C@_02BAABKJLB@?9?9?$AA@ 000000018000d9e0     libvcruntime:undname.obj
 0002:000009e4       ??_C@_01JOAMLHOP@?9?$AA@   000000018000d9e4     libvcruntime:undname.obj
 0002:000009e8       ??_C@_01MIFGBAGJ@?$CL?$AA@ 000000018000d9e8     libvcruntime:undname.obj
 0002:000009ec       ??_C@_01HNPIGOCE@?$CG?$AA@ 000000018000d9ec     libvcruntime:undname.obj
 0002:000009f0       ??_C@_03MNHNFDLC@?9?$DO?$CK?$AA@ 000000018000d9f0     libvcruntime:undname.obj
 0002:000009f4       ??_C@_01KMDKNFGN@?1?$AA@   000000018000d9f4     libvcruntime:undname.obj
 0002:000009f8       ??_C@_01FGNFDNOH@?$CF?$AA@ 000000018000d9f8     libvcruntime:undname.obj
 0002:000009fc       ??_C@_01MNNFJEPP@?$DM?$AA@ 000000018000d9fc     libvcruntime:undname.obj
 0002:00000a00       ??_C@_02EHCHHCKH@?$DM?$DN?$AA@ 000000018000da00     libvcruntime:undname.obj
 0002:00000a04       ??_C@_01PPODPGHN@?$DO?$AA@ 000000018000da04     libvcruntime:undname.obj
 0002:00000a08       ??_C@_02EEKDKGMJ@?$DO?$DN?$AA@ 000000018000da08     libvcruntime:undname.obj
 0002:00000a0c       ??_C@_01IHBHIGKO@?0?$AA@   000000018000da0c     libvcruntime:undname.obj
 0002:00000a10       ??_C@_02HCKGKOFO@?$CI?$CJ?$AA@ 000000018000da10     libvcruntime:undname.obj
 0002:00000a14       ??_C@_01PJKLJHI@?$HO?$AA@  000000018000da14     libvcruntime:undname.obj
 0002:00000a18       ??_C@_01JKBOJNNK@?$FO?$AA@ 000000018000da18     libvcruntime:undname.obj
 0002:00000a1c       ??_C@_01DNKMNLPK@?$HM?$AA@ 000000018000da1c     libvcruntime:undname.obj
 0002:00000a20       ??_C@_02PPKAJPJL@?$CG?$CG?$AA@ 000000018000da20     libvcruntime:undname.obj
 0002:00000a24       ??_C@_02NONPIBCD@?$HM?$HM?$AA@ 000000018000da24     libvcruntime:undname.obj
 0002:00000a28       ??_C@_02FPIMKNGF@?$CK?$DN?$AA@ 000000018000da28     libvcruntime:undname.obj
 0002:00000a2c       ??_C@_02FOEOMHFC@?$CL?$DN?$AA@ 000000018000da2c     libvcruntime:undname.obj
 0002:00000a30       ??_C@_02FKMDLLOA@?9?$DN?$AA@ 000000018000da30     libvcruntime:undname.obj
 0002:00000a34       ??_C@_02FJEHGPIO@?1?$DN?$AA@ 000000018000da34     libvcruntime:undname.obj
 0002:00000a38       ??_C@_02FENAOKFI@?$CF?$DN?$AA@ 000000018000da38     libvcruntime:undname.obj
 0002:00000a3c       ??_C@_03IKFCCPFF@?$DO?$DO?$DN?$AA@ 000000018000da3c     libvcruntime:undname.obj
 0002:00000a40       ??_C@_03CDNPDDLA@?$DM?$DM?$DN?$AA@ 000000018000da40     libvcruntime:undname.obj
 0002:00000a44       ??_C@_02FGJGFEAB@?$CG?$DN?$AA@ 000000018000da44     libvcruntime:undname.obj
 0002:00000a48       ??_C@_02DHLNPPGH@?$HM?$DN?$AA@ 000000018000da48     libvcruntime:undname.obj
 0002:00000a4c       ??_C@_02MHEGNOJ@?$FO?$DN?$AA@ 000000018000da4c     libvcruntime:undname.obj
 0002:00000a50       ??_C@_09IFPLHPGF@?$GAvftable?8?$AA@ 000000018000da50     libvcruntime:undname.obj
 0002:00000a60       ??_C@_09BLBHBJP@?$GAvbtable?8?$AA@ 000000018000da60     libvcruntime:undname.obj
 0002:00000a70       ??_C@_07FEEIOKP@?$GAvcall?8?$AA@ 000000018000da70     libvcruntime:undname.obj
 0002:00000a78       ??_C@_08LLFFHHDJ@?$GAtypeof?8?$AA@ 000000018000da78     libvcruntime:undname.obj
 0002:00000a88       ??_C@_0BF@KDPPACIK@?$GAlocal?5static?5guard?8?$AA@ 000000018000da88     libvcruntime:undname.obj
 0002:00000aa0       ??_C@_08OBABFOLI@?$GAstring?8?$AA@ 000000018000daa0     libvcruntime:undname.obj
 0002:00000ab0       ??_C@_0BD@JDLKDPAB@?$GAvbase?5destructor?8?$AA@ 000000018000dab0     libvcruntime:undname.obj
 0002:00000ac8       ??_C@_0BN@DEGPLNFK@?$GAvector?5deleting?5destructor?8?$AA@ 000000018000dac8     libvcruntime:undname.obj
 0002:00000ae8       ??_C@_0BO@OBMKPJIG@?$GAdefault?5constructor?5closure?8?$AA@ 000000018000dae8     libvcruntime:undname.obj
 0002:00000b08       ??_C@_0BN@IMDCHIKM@?$GAscalar?5deleting?5destructor?8?$AA@ 000000018000db08     libvcruntime:undname.obj
 0002:00000b28       ??_C@_0BO@PFGOCPJJ@?$GAvector?5constructor?5iterator?8?$AA@ 000000018000db28     libvcruntime:undname.obj
 0002:00000b48       ??_C@_0BN@LFPFMEDL@?$GAvector?5destructor?5iterator?8?$AA@ 000000018000db48     libvcruntime:undname.obj
 0002:00000b68       ??_C@_0CE@IKBNEHA@?$GAvector?5vbase?5constructor?5iterat@ 000000018000db68     libvcruntime:undname.obj
 0002:00000b90       ??_C@_0BL@NILFHHPC@?$GAvirtual?5displacement?5map?8?$AA@ 000000018000db90     libvcruntime:undname.obj
 0002:00000bb0       ??_C@_0CB@JONCMFFK@?$GAeh?5vector?5constructor?5iterator?8@ 000000018000dbb0     libvcruntime:undname.obj
 0002:00000bd8       ??_C@_0CA@GCEOPDGL@?$GAeh?5vector?5destructor?5iterator?8?$AA@ 000000018000dbd8     libvcruntime:undname.obj
 0002:00000bf8       ??_C@_0CH@OOJPLCPH@?$GAeh?5vector?5vbase?5constructor?5ite@ 000000018000dbf8     libvcruntime:undname.obj
 0002:00000c20       ??_C@_0BL@LLKPOHJI@?$GAcopy?5constructor?5closure?8?$AA@ 000000018000dc20     libvcruntime:undname.obj
 0002:00000c40       ??_C@_0BA@KBCDOMBN@?$GAudt?5returning?8?$AA@ 000000018000dc40     libvcruntime:undname.obj
 0002:00000c50       ??_C@_03KLGMFNMG@?$GAEH?$AA@ 000000018000dc50     libvcruntime:undname.obj
 0002:00000c54       ??_C@_05KHLCHHI@?$GARTTI?$AA@ 000000018000dc54     libvcruntime:undname.obj
 0002:00000c60       ??_C@_0BA@KKLDJDLB@?$GAlocal?5vftable?8?$AA@ 000000018000dc60     libvcruntime:undname.obj
 0002:00000c70       ??_C@_0CE@IIHCMGGL@?$GAlocal?5vftable?5constructor?5closu@ 000000018000dc70     libvcruntime:undname.obj
 0002:00000c94       ??_C@_06FHBGPFGH@?5new?$FL?$FN?$AA@ 000000018000dc94     libvcruntime:undname.obj
 0002:00000ca0       ??_C@_09LBNFPBCA@?5delete?$FL?$FN?$AA@ 000000018000dca0     libvcruntime:undname.obj
 0002:00000cb0       ??_C@_0P@HJKNJFNN@?$GAomni?5callsig?8?$AA@ 000000018000dcb0     libvcruntime:undname.obj
 0002:00000cc0       ??_C@_0BL@CNOONJFP@?$GAplacement?5delete?5closure?8?$AA@ 000000018000dcc0     libvcruntime:undname.obj
 0002:00000ce0       ??_C@_0BN@CKNJLHMB@?$GAplacement?5delete?$FL?$FN?5closure?8?$AA@ 000000018000dce0     libvcruntime:undname.obj
 0002:00000d00       ??_C@_0CG@CFDHKGGD@?$GAmanaged?5vector?5constructor?5iter@ 000000018000dd00     libvcruntime:undname.obj
 0002:00000d28       ??_C@_0CF@IMGKMJNO@?$GAmanaged?5vector?5destructor?5itera@ 000000018000dd28     libvcruntime:undname.obj
 0002:00000d50       ??_C@_0CG@HLDDJMAG@?$GAeh?5vector?5copy?5constructor?5iter@ 000000018000dd50     libvcruntime:undname.obj
 0002:00000d78       ??_C@_0CM@FCBBDIGB@?$GAeh?5vector?5vbase?5copy?5constructo@ 000000018000dd78     libvcruntime:undname.obj
 0002:00000da8       ??_C@_0BL@CLIPGLGB@?$GAdynamic?5initializer?5for?5?8?$AA@ 000000018000dda8     libvcruntime:undname.obj
 0002:00000dc8       ??_C@_0CB@PDBIFEP@?$GAdynamic?5atexit?5destructor?5for?5?8@ 000000018000ddc8     libvcruntime:undname.obj
 0002:00000df0       ??_C@_0CD@CGAJBKEJ@?$GAvector?5copy?5constructor?5iterato@ 000000018000ddf0     libvcruntime:undname.obj
 0002:00000e18       ??_C@_0CJ@GJELGAMM@?$GAvector?5vbase?5copy?5constructor?5i@ 000000018000de18     libvcruntime:undname.obj
 0002:00000e48       ??_C@_0CL@FGIJHLCE@?$GAmanaged?5vector?5copy?5constructor@ 000000018000de48     libvcruntime:undname.obj
 0002:00000e78       ??_C@_0BM@PMGGMLDN@?$GAlocal?5static?5thread?5guard?8?$AA@ 000000018000de78     libvcruntime:undname.obj
 0002:00000e98       ??_C@_0N@BDNMDMOL@operator?5?$CC?$CC?5?$AA@ 000000018000de98     libvcruntime:undname.obj
 0002:00000ea8       ??_C@_0BC@DAFEJGAK@?5Type?5Descriptor?8?$AA@ 000000018000dea8     libvcruntime:undname.obj
 0002:00000ec0       ??_C@_0BM@LDKODKLH@?5Base?5Class?5Descriptor?5at?5?$CI?$AA@ 000000018000dec0     libvcruntime:undname.obj
 0002:00000ee0       ??_C@_0BD@LGICGFMM@?5Base?5Class?5Array?8?$AA@ 000000018000dee0     libvcruntime:undname.obj
 0002:00000ef8       ??_C@_0BN@MECKDCOJ@?5Class?5Hierarchy?5Descriptor?8?$AA@ 000000018000def8     libvcruntime:undname.obj
 0002:00000f18       ??_C@_0BK@CFCOFLF@?5Complete?5Object?5Locator?8?$AA@ 000000018000df18     libvcruntime:undname.obj
 0002:00000f40       __acrt_exception_action_table 000000018000df40     libucrt:exception_filter.obj
 0002:00001000       __acrt_signal_action_table_count 000000018000e000     libucrt:exception_filter.obj
 0002:00001008       __acrt_signal_action_first_fpe_index 000000018000e008     libucrt:exception_filter.obj
 0002:00001010       __acrt_signal_action_fpe_count 000000018000e010     libucrt:exception_filter.obj
 0002:00001018       ??_C@_1BI@BGOHAHKC@?$AAm?$AAs?$AAc?$AAo?$AAr?$AAe?$AAe?$AA?4?$AAd?$AAl?$AAl?$AA?$AA@ 000000018000e018     libucrt:exit.obj
 0002:00001030       ??_C@_0P@MIGLKIOC@CorExitProcess?$AA@ 000000018000e030     libucrt:exit.obj
 0002:000012a0       __lc_time_c                000000018000e2a0     libucrt:nlsdata.obj
 0002:00001560       ??_C@_03KOEHGMDN@Sun?$AA@  000000018000e560     libucrt:nlsdata.obj
 0002:00001564       ??_C@_03PDAGKDH@Mon?$AA@   000000018000e564     libucrt:nlsdata.obj
 0002:00001568       ??_C@_03NAGEINEP@Tue?$AA@  000000018000e568     libucrt:nlsdata.obj
 0002:0000156c       ??_C@_03MHOMLAJA@Wed?$AA@  000000018000e56c     libucrt:nlsdata.obj
 0002:00001570       ??_C@_03IOFIKPDN@Thu?$AA@  000000018000e570     libucrt:nlsdata.obj
 0002:00001574       ??_C@_03IDIOELNC@Fri?$AA@  000000018000e574     libucrt:nlsdata.obj
 0002:00001578       ??_C@_03FEFJNEK@Sat?$AA@   000000018000e578     libucrt:nlsdata.obj
 0002:0000157c       ??_C@_06OOPIFAJ@Sunday?$AA@ 000000018000e57c     libucrt:nlsdata.obj
 0002:00001584       ??_C@_06JLEDEDGH@Monday?$AA@ 000000018000e584     libucrt:nlsdata.obj
 0002:00001590       ??_C@_07BAAGCFCM@Tuesday?$AA@ 000000018000e590     libucrt:nlsdata.obj
 0002:00001598       ??_C@_09DLIGFAKA@Wednesday?$AA@ 000000018000e598     libucrt:nlsdata.obj
 0002:000015a8       ??_C@_08HACCIKIA@Thursday?$AA@ 000000018000e5a8     libucrt:nlsdata.obj
 0002:000015b4       ??_C@_06JECMNKMI@Friday?$AA@ 000000018000e5b4     libucrt:nlsdata.obj
 0002:000015c0       ??_C@_08INBOOONO@Saturday?$AA@ 000000018000e5c0     libucrt:nlsdata.obj
 0002:000015cc       ??_C@_03JIHJHPIE@Jan?$AA@  000000018000e5cc     libucrt:nlsdata.obj
 0002:000015d0       ??_C@_03HJBDCHOM@Feb?$AA@  000000018000e5d0     libucrt:nlsdata.obj
 0002:000015d4       ??_C@_03ODNJBKGA@Mar?$AA@  000000018000e5d4     libucrt:nlsdata.obj
 0002:000015d8       ??_C@_03LEOLGMJP@Apr?$AA@  000000018000e5d8     libucrt:nlsdata.obj
 0002:000015dc       ??_C@_03CNMDKL@May?$AA@    000000018000e5dc     libucrt:nlsdata.obj
 0002:000015e0       ??_C@_03IDFGHECI@Jun?$AA@  000000018000e5e0     libucrt:nlsdata.obj
 0002:000015e4       ??_C@_03LBGABGKK@Jul?$AA@  000000018000e5e4     libucrt:nlsdata.obj
 0002:000015e8       ??_C@_03IFJFEIGA@Aug?$AA@  000000018000e5e8     libucrt:nlsdata.obj
 0002:000015ec       ??_C@_03GGCAPAJC@Sep?$AA@  000000018000e5ec     libucrt:nlsdata.obj
 0002:000015f0       ??_C@_03BMAOKBAD@Oct?$AA@  000000018000e5f0     libucrt:nlsdata.obj
 0002:000015f4       ??_C@_03JPJOFNIA@Nov?$AA@  000000018000e5f4     libucrt:nlsdata.obj
 0002:000015f8       ??_C@_03MKABNOCG@Dec?$AA@  000000018000e5f8     libucrt:nlsdata.obj
 0002:00001600       ??_C@_07CGJPFGJA@January?$AA@ 000000018000e600     libucrt:nlsdata.obj
 0002:00001608       ??_C@_08GNJGEPFN@February?$AA@ 000000018000e608     libucrt:nlsdata.obj
 0002:00001614       ??_C@_05HPCKOFNC@March?$AA@ 000000018000e614     libucrt:nlsdata.obj
 0002:0000161c       ??_C@_05DMJDNLEJ@April?$AA@ 000000018000e61c     libucrt:nlsdata.obj
 0002:00001624       ??_C@_04CNLMGBGM@June?$AA@ 000000018000e624     libucrt:nlsdata.obj
 0002:0000162c       ??_C@_04MIEPOIFP@July?$AA@ 000000018000e62c     libucrt:nlsdata.obj
 0002:00001634       ??_C@_06LBBHFDDG@August?$AA@ 000000018000e634     libucrt:nlsdata.obj
 0002:00001640       ??_C@_09BHHEALKD@September?$AA@ 000000018000e640     libucrt:nlsdata.obj
 0002:00001650       ??_C@_07JJNFCEND@October?$AA@ 000000018000e650     libucrt:nlsdata.obj
 0002:00001658       ??_C@_08HCHEGEOA@November?$AA@ 000000018000e658     libucrt:nlsdata.obj
 0002:00001668       ??_C@_08EDHMEBNP@December?$AA@ 000000018000e668     libucrt:nlsdata.obj
 0002:00001674       ??_C@_02DEDBPAFC@AM?$AA@   000000018000e674     libucrt:nlsdata.obj
 0002:00001678       ??_C@_02CJNFDJBF@PM?$AA@   000000018000e678     libucrt:nlsdata.obj
 0002:00001680       ??_C@_08BPBNCDIB@MM?1dd?1yy?$AA@ 000000018000e680     libucrt:nlsdata.obj
 0002:00001690       ??_C@_0BE@CKGJFCPC@dddd?0?5MMMM?5dd?0?5yyyy?$AA@ 000000018000e690     libucrt:nlsdata.obj
 0002:000016a8       ??_C@_08JCCMCCIL@HH?3mm?3ss?$AA@ 000000018000e6a8     libucrt:nlsdata.obj
 0002:000016b8       ??_C@_17MBGCMIPB@?$AAS?$AAu?$AAn?$AA?$AA@ 000000018000e6b8     libucrt:nlsdata.obj
 0002:000016c0       ??_C@_17KBOMKBF@?$AAM?$AAo?$AAn?$AA?$AA@ 000000018000e6c0     libucrt:nlsdata.obj
 0002:000016c8       ??_C@_17BMKGEGOJ@?$AAT?$AAu?$AAe?$AA?$AA@ 000000018000e6c8     libucrt:nlsdata.obj
 0002:000016d0       ??_C@_17CJEDCEPE@?$AAW?$AAe?$AAd?$AA?$AA@ 000000018000e6d0     libucrt:nlsdata.obj
 0002:000016d8       ??_C@_17PDPHAADD@?$AAT?$AAh?$AAu?$AA?$AA@ 000000018000e6d8     libucrt:nlsdata.obj
 0002:000016e0       ??_C@_17HFOLPPLP@?$AAF?$AAr?$AAi?$AA?$AA@ 000000018000e6e0     libucrt:nlsdata.obj
 0002:000016e8       ??_C@_17GGIBDPIH@?$AAS?$AAa?$AAt?$AA?$AA@ 000000018000e6e8     libucrt:nlsdata.obj
 0002:000016f0       ??_C@_1O@IHNHDHPB@?$AAS?$AAu?$AAn?$AAd?$AAa?$AAy?$AA?$AA@ 000000018000e6f0     libucrt:nlsdata.obj
 0002:00001700       ??_C@_1O@MMNBFLIA@?$AAM?$AAo?$AAn?$AAd?$AAa?$AAy?$AA?$AA@ 000000018000e700     libucrt:nlsdata.obj
 0002:00001710       ??_C@_1BA@ENFBFFEK@?$AAT?$AAu?$AAe?$AAs?$AAd?$AAa?$AAy?$AA?$AA@ 000000018000e710     libucrt:nlsdata.obj
 0002:00001720       ??_C@_1BE@EBOGMDOH@?$AAW?$AAe?$AAd?$AAn?$AAe?$AAs?$AAd?$AAa?$AAy?$AA?$AA@ 000000018000e720     libucrt:nlsdata.obj
 0002:00001738       ??_C@_1BC@HHMNLIHE@?$AAT?$AAh?$AAu?$AAr?$AAs?$AAd?$AAa?$AAy?$AA?$AA@ 000000018000e738     libucrt:nlsdata.obj
 0002:00001750       ??_C@_1O@PDICJHAG@?$AAF?$AAr?$AAi?$AAd?$AAa?$AAy?$AA?$AA@ 000000018000e750     libucrt:nlsdata.obj
 0002:00001760       ??_C@_1BC@ENMNNPAJ@?$AAS?$AAa?$AAt?$AAu?$AAr?$AAd?$AAa?$AAy?$AA?$AA@ 000000018000e760     libucrt:nlsdata.obj
 0002:00001778       ??_C@_17DKNBKCHM@?$AAJ?$AAa?$AAn?$AA?$AA@ 000000018000e778     libucrt:nlsdata.obj
 0002:00001780       ??_C@_17LMDJEKJN@?$AAF?$AAe?$AAb?$AA?$AA@ 000000018000e780     libucrt:nlsdata.obj
 0002:00001788       ??_C@_17CKNLEDEC@?$AAM?$AAa?$AAr?$AA?$AA@ 000000018000e788     libucrt:nlsdata.obj
 0002:00001790       ??_C@_17LFPOIHDD@?$AAA?$AAp?$AAr?$AA?$AA@ 000000018000e790     libucrt:nlsdata.obj
 0002:00001798       ??_C@_17PNNKMEED@?$AAM?$AAa?$AAy?$AA?$AA@ 000000018000e798     libucrt:nlsdata.obj
 0002:000017a0       ??_C@_17KCJGOCPB@?$AAJ?$AAu?$AAn?$AA?$AA@ 000000018000e7a0     libucrt:nlsdata.obj
 0002:000017a8       ??_C@_17IJPCKHK@?$AAJ?$AAu?$AAl?$AA?$AA@ 000000018000e7a8     libucrt:nlsdata.obj
 0002:000017b0       ??_C@_17ICPELBCN@?$AAA?$AAu?$AAg?$AA?$AA@ 000000018000e7b0     libucrt:nlsdata.obj
 0002:000017b8       ??_C@_17HCHCOKMG@?$AAS?$AAe?$AAp?$AA?$AA@ 000000018000e7b8     libucrt:nlsdata.obj
 0002:000017c0       ??_C@_17FNLKOI@?$AAO?$AAc?$AAt?$AA?$AA@ 000000018000e7c0     libucrt:nlsdata.obj
 0002:000017c8       ??_C@_17BBDMLCIG@?$AAN?$AAo?$AAv?$AA?$AA@ 000000018000e7c8     libucrt:nlsdata.obj
 0002:000017d0       ??_C@_17EGKACKIF@?$AAD?$AAe?$AAc?$AA?$AA@ 000000018000e7d0     libucrt:nlsdata.obj
 0002:000017d8       ??_C@_1BA@EFMEIEBA@?$AAJ?$AAa?$AAn?$AAu?$AAa?$AAr?$AAy?$AA?$AA@ 000000018000e7d8     libucrt:nlsdata.obj
 0002:000017e8       ??_C@_1BC@JGDDFFAM@?$AAF?$AAe?$AAb?$AAr?$AAu?$AAa?$AAr?$AAy?$AA?$AA@ 000000018000e7e8     libucrt:nlsdata.obj
 0002:00001800       ??_C@_1M@IKEENEDF@?$AAM?$AAa?$AAr?$AAc?$AAh?$AA?$AA@ 000000018000e800     libucrt:nlsdata.obj
 0002:00001810       ??_C@_1M@GJNLMHFD@?$AAA?$AAp?$AAr?$AAi?$AAl?$AA?$AA@ 000000018000e810     libucrt:nlsdata.obj
 0002:00001820       ??_C@_19EPFLPGAP@?$AAJ?$AAu?$AAn?$AAe?$AA?$AA@ 000000018000e820     libucrt:nlsdata.obj
 0002:00001830       ??_C@_19BIFMLPCD@?$AAJ?$AAu?$AAl?$AAy?$AA?$AA@ 000000018000e830     libucrt:nlsdata.obj
 0002:00001840       ??_C@_1O@PAHLKOAC@?$AAA?$AAu?$AAg?$AAu?$AAs?$AAt?$AA?$AA@ 000000018000e840     libucrt:nlsdata.obj
 0002:00001850       ??_C@_1BE@DKAAMBJL@?$AAS?$AAe?$AAp?$AAt?$AAe?$AAm?$AAb?$AAe?$AAr?$AA?$AA@ 000000018000e850     libucrt:nlsdata.obj
 0002:00001868       ??_C@_1BA@EPANDLNG@?$AAO?$AAc?$AAt?$AAo?$AAb?$AAe?$AAr?$AA?$AA@ 000000018000e868     libucrt:nlsdata.obj
 0002:00001878       ??_C@_1BC@BGLIFPF@?$AAN?$AAo?$AAv?$AAe?$AAm?$AAb?$AAe?$AAr?$AA?$AA@ 000000018000e878     libucrt:nlsdata.obj
 0002:00001890       ??_C@_1BC@FEMKIFH@?$AAD?$AAe?$AAc?$AAe?$AAm?$AAb?$AAe?$AAr?$AA?$AA@ 000000018000e890     libucrt:nlsdata.obj
 0002:000018a4       ??_C@_15ODEHAHHF@?$AAA?$AAM?$AA?$AA@ 000000018000e8a4     libucrt:nlsdata.obj
 0002:000018ac       ??_C@_15CLMNNGEL@?$AAP?$AAM?$AA?$AA@ 000000018000e8ac     libucrt:nlsdata.obj
 0002:000018b8       ??_C@_1BC@IEBCMHCM@?$AAM?$AAM?$AA?1?$AAd?$AAd?$AA?1?$AAy?$AAy?$AA?$AA@ 000000018000e8b8     libucrt:nlsdata.obj
 0002:000018d0       ??_C@_1CI@KNAKOEBC@?$AAd?$AAd?$AAd?$AAd?$AA?0?$AA?5?$AAM?$AAM?$AAM?$AAM?$AA?5?$AAd?$AAd?$AA?0?$AA?5?$AAy?$AAy?$AAy?$AAy?$AA?$AA@ 000000018000e8d0     libucrt:nlsdata.obj
 0002:000018f8       ??_C@_1BC@GDGBMEMK@?$AAH?$AAH?$AA?3?$AAm?$AAm?$AA?3?$AAs?$AAs?$AA?$AA@ 000000018000e8f8     libucrt:nlsdata.obj
 0002:00001910       ??_C@_1M@BMHNFIME@?$AAe?$AAn?$AA?9?$AAU?$AAS?$AA?$AA@ 000000018000e910     libucrt:nlsdata.obj
 0002:000019c0       ??_C@_1EG@CNNIPFIM@?$AAa?$AAp?$AAi?$AA?9?$AAm?$AAs?$AA?9?$AAw?$AAi?$AAn?$AA?9?$AAa?$AAp?$AAp?$AAm?$AAo?$AAd?$AAe?$AAl?$AA?9?$AAr?$AAu?$AAn?$AAt?$AAi?$AAm?$AAe?$AA?9?$AAl?$AA1?$AA?9?$AA1@ 000000018000e9c0     libucrt:winapi_thunks.obj
 0002:00001a10       ??_C@_1EA@JGEFHKEI@?$AAa?$AAp?$AAi?$AA?9?$AAm?$AAs?$AA?9?$AAw?$AAi?$AAn?$AA?9?$AAc?$AAo?$AAr?$AAe?$AA?9?$AAd?$AAa?$AAt?$AAe?$AAt?$AAi?$AAm?$AAe?$AA?9?$AAl?$AA1?$AA?9?$AA1?$AA?9?$AA1?$AA?$AA@ 000000018000ea10     libucrt:winapi_thunks.obj
 0002:00001a50       ??_C@_1DI@GCIAAENM@?$AAa?$AAp?$AAi?$AA?9?$AAm?$AAs?$AA?9?$AAw?$AAi?$AAn?$AA?9?$AAc?$AAo?$AAr?$AAe?$AA?9?$AAf?$AAi?$AAl?$AAe?$AA?9?$AAl?$AA2?$AA?9?$AA1?$AA?9?$AA1?$AA?$AA@ 000000018000ea50     libucrt:winapi_thunks.obj
 0002:00001a90       ??_C@_1EI@MPIAOHOC@?$AAa?$AAp?$AAi?$AA?9?$AAm?$AAs?$AA?9?$AAw?$AAi?$AAn?$AA?9?$AAc?$AAo?$AAr?$AAe?$AA?9?$AAl?$AAo?$AAc?$AAa?$AAl?$AAi?$AAz?$AAa?$AAt?$AAi?$AAo?$AAn?$AA?9?$AAl?$AA1?$AA?9@ 000000018000ea90     libucrt:winapi_thunks.obj
 0002:00001ae0       ??_C@_1FK@FPHCKFIE@?$AAa?$AAp?$AAi?$AA?9?$AAm?$AAs?$AA?9?$AAw?$AAi?$AAn?$AA?9?$AAc?$AAo?$AAr?$AAe?$AA?9?$AAl?$AAo?$AAc?$AAa?$AAl?$AAi?$AAz?$AAa?$AAt?$AAi?$AAo?$AAn?$AA?9?$AAo?$AAb?$AAs@ 000000018000eae0     libucrt:winapi_thunks.obj
 0002:00001b40       ??_C@_1EM@DILCGIIO@?$AAa?$AAp?$AAi?$AA?9?$AAm?$AAs?$AA?9?$AAw?$AAi?$AAn?$AA?9?$AAc?$AAo?$AAr?$AAe?$AA?9?$AAp?$AAr?$AAo?$AAc?$AAe?$AAs?$AAs?$AAt?$AAh?$AAr?$AAe?$AAa?$AAd?$AAs?$AA?9?$AAl@ 000000018000eb40     libucrt:winapi_thunks.obj
 0002:00001b90       ??_C@_1DM@LNCGDDPN@?$AAa?$AAp?$AAi?$AA?9?$AAm?$AAs?$AA?9?$AAw?$AAi?$AAn?$AA?9?$AAc?$AAo?$AAr?$AAe?$AA?9?$AAs?$AAt?$AAr?$AAi?$AAn?$AAg?$AA?9?$AAl?$AA1?$AA?9?$AA1?$AA?9?$AA0?$AA?$AA@ 000000018000eb90     libucrt:winapi_thunks.obj
 0002:00001bd0       ??_C@_1DO@FPAPJEMD@?$AAa?$AAp?$AAi?$AA?9?$AAm?$AAs?$AA?9?$AAw?$AAi?$AAn?$AA?9?$AAc?$AAo?$AAr?$AAe?$AA?9?$AAs?$AAy?$AAs?$AAi?$AAn?$AAf?$AAo?$AA?9?$AAl?$AA1?$AA?9?$AA2?$AA?9?$AA1?$AA?$AA@ 000000018000ebd0     libucrt:winapi_thunks.obj
 0002:00001c10       ??_C@_1DK@NDHNAHIO@?$AAa?$AAp?$AAi?$AA?9?$AAm?$AAs?$AA?9?$AAw?$AAi?$AAn?$AA?9?$AAc?$AAo?$AAr?$AAe?$AA?9?$AAw?$AAi?$AAn?$AAr?$AAt?$AA?9?$AAl?$AA1?$AA?9?$AA1?$AA?9?$AA0?$AA?$AA@ 000000018000ec10     libucrt:winapi_thunks.obj
 0002:00001c50       ??_C@_1DM@KGHDGBCM@?$AAa?$AAp?$AAi?$AA?9?$AAm?$AAs?$AA?9?$AAw?$AAi?$AAn?$AA?9?$AAc?$AAo?$AAr?$AAe?$AA?9?$AAx?$AAs?$AAt?$AAa?$AAt?$AAe?$AA?9?$AAl?$AA2?$AA?9?$AA1?$AA?9?$AA0?$AA?$AA@ 000000018000ec50     libucrt:winapi_thunks.obj
 0002:00001c90       ??_C@_1EO@IJIOEFOH@?$AAa?$AAp?$AAi?$AA?9?$AAm?$AAs?$AA?9?$AAw?$AAi?$AAn?$AA?9?$AAr?$AAt?$AAc?$AAo?$AAr?$AAe?$AA?9?$AAn?$AAt?$AAu?$AAs?$AAe?$AAr?$AA?9?$AAw?$AAi?$AAn?$AAd?$AAo?$AAw?$AA?9@ 000000018000ec90     libucrt:winapi_thunks.obj
 0002:00001ce0       ??_C@_1FG@HHGEKANL@?$AAa?$AAp?$AAi?$AA?9?$AAm?$AAs?$AA?9?$AAw?$AAi?$AAn?$AA?9?$AAs?$AAe?$AAc?$AAu?$AAr?$AAi?$AAt?$AAy?$AA?9?$AAs?$AAy?$AAs?$AAt?$AAe?$AAm?$AAf?$AAu?$AAn?$AAc?$AAt?$AAi@ 000000018000ece0     libucrt:winapi_thunks.obj
 0002:00001d40       ??_C@_1FG@NCKKOLKO@?$AAe?$AAx?$AAt?$AA?9?$AAm?$AAs?$AA?9?$AAw?$AAi?$AAn?$AA?9?$AAk?$AAe?$AAr?$AAn?$AAe?$AAl?$AA3?$AA2?$AA?9?$AAp?$AAa?$AAc?$AAk?$AAa?$AAg?$AAe?$AA?9?$AAc?$AAu?$AAr?$AAr@ 000000018000ed40     libucrt:winapi_thunks.obj
 0002:00001da0       ??_C@_1EG@DBIOJECG@?$AAe?$AAx?$AAt?$AA?9?$AAm?$AAs?$AA?9?$AAw?$AAi?$AAn?$AA?9?$AAn?$AAt?$AAu?$AAs?$AAe?$AAr?$AA?9?$AAd?$AAi?$AAa?$AAl?$AAo?$AAg?$AAb?$AAo?$AAx?$AA?9?$AAl?$AA1?$AA?9?$AA1@ 000000018000eda0     libucrt:winapi_thunks.obj
 0002:00001df0       ??_C@_1EO@FIHMJCLF@?$AAe?$AAx?$AAt?$AA?9?$AAm?$AAs?$AA?9?$AAw?$AAi?$AAn?$AA?9?$AAn?$AAt?$AAu?$AAs?$AAe?$AAr?$AA?9?$AAw?$AAi?$AAn?$AAd?$AAo?$AAw?$AAs?$AAt?$AAa?$AAt?$AAi?$AAo?$AAn?$AA?9@ 000000018000edf0     libucrt:winapi_thunks.obj
 0002:00001e40       ??_C@_1O@BCCLBEOE@?$AAu?$AAs?$AAe?$AAr?$AA3?$AA2?$AA?$AA@ 000000018000ee40     libucrt:winapi_thunks.obj
 0002:00001e78       ??_C@_0BE@JOGNEJCI@GetCurrentPackageId?$AA@ 000000018000ee78     libucrt:winapi_thunks.obj
 0002:00001ea0       ??_C@_0O@KKBNKAPF@LCMapStringEx?$AA@ 000000018000eea0     libucrt:winapi_thunks.obj
 0002:00001eb8       ??_C@_0BB@HBDEELFH@LocaleNameToLCID?$AA@ 000000018000eeb8     libucrt:winapi_thunks.obj
 0002:00001ef0       ??_C@_1M@HPNHIDJI@?$AAj?$AAa?$AA?9?$AAJ?$AAP?$AA?$AA@ 000000018000eef0     libucrt:mbctype.obj
 0002:00001f00       ??_C@_1M@BIBDDEMK@?$AAz?$AAh?$AA?9?$AAC?$AAN?$AA?$AA@ 000000018000ef00     libucrt:mbctype.obj
 0002:00001f10       ??_C@_1M@JLOOOEGK@?$AAk?$AAo?$AA?9?$AAK?$AAR?$AA?$AA@ 000000018000ef10     libucrt:mbctype.obj
 0002:00001f20       ??_C@_1M@CLNBBOPM@?$AAz?$AAh?$AA?9?$AAT?$AAW?$AA?$AA@ 000000018000ef20     libucrt:mbctype.obj
 0002:00001f30       __newctype                 000000018000ef30     libucrt:ctype.obj
 0002:00002230       __newclmap                 000000018000f230     libucrt:ctype.obj
 0002:000023b0       __newcumap                 000000018000f3b0     libucrt:ctype.obj
 0002:00002530       ??_C@_15PJPFLCCM@?$AAu?$AAk?$AA?$AA@ 000000018000f530     libucrt:get_qualified_locale.obj
 0002:00003380       ??_C@_15EMKDOKLE@?$AAa?$AAr?$AA?$AA@ 0000000180010380     libucrt:lcidtoname_downlevel.obj
 0002:00003388       ??_C@_15KNPADPLH@?$AAb?$AAg?$AA?$AA@ 0000000180010388     libucrt:lcidtoname_downlevel.obj
 0002:00003390       ??_C@_15EDMHLDMO@?$AAc?$AAa?$AA?$AA@ 0000000180010390     libucrt:lcidtoname_downlevel.obj
 0002:00003398       ??_C@_1O@BPEAJADD@?$AAz?$AAh?$AA?9?$AAC?$AAH?$AAS?$AA?$AA@ 0000000180010398     libucrt:lcidtoname_downlevel.obj
 0002:000033a8       ??_C@_15LJNHCMNK@?$AAc?$AAs?$AA?$AA@ 00000001800103a8     libucrt:lcidtoname_downlevel.obj
 0002:000033b0       ??_C@_15FOMCIDHG@?$AAd?$AAa?$AA?$AA@ 00000001800103b0     libucrt:lcidtoname_downlevel.obj
 0002:000033b8       ??_C@_15NBKABECB@?$AAd?$AAe?$AA?$AA@ 00000001800103b8     libucrt:lcidtoname_downlevel.obj
 0002:000033c0       ??_C@_15GHPEIIAO@?$AAe?$AAl?$AA?$AA@ 00000001800103c0     libucrt:lcidtoname_downlevel.obj
 0002:000033c8       ??_C@_15MNPNEAIF@?$AAe?$AAn?$AA?$AA@ 00000001800103c8     libucrt:lcidtoname_downlevel.obj
 0002:000033d0       ??_C@_15GPIOMPMH@?$AAe?$AAs?$AA?$AA@ 00000001800103d0     libucrt:lcidtoname_downlevel.obj
 0002:000033d8       ??_C@_15NGLOAKJC@?$AAf?$AAi?$AA?$AA@ 00000001800103d8     libucrt:lcidtoname_downlevel.obj
 0002:000033e0       ??_C@_15FBKGNKAM@?$AAf?$AAr?$AA?$AA@ 00000001800103e0     libucrt:lcidtoname_downlevel.obj
 0002:000033e8       ??_C@_15KGGCNEFK@?$AAh?$AAe?$AA?$AA@ 00000001800103e8     libucrt:lcidtoname_downlevel.obj
 0002:000033f0       ??_C@_15PGHLIDMF@?$AAh?$AAu?$AA?$AA@ 00000001800103f0     libucrt:lcidtoname_downlevel.obj
 0002:000033f8       ??_C@_15BIEMAPLM@?$AAi?$AAs?$AA?$AA@ 00000001800103f8     libucrt:lcidtoname_downlevel.obj
 0002:00003400       ??_C@_15IFJLDHAF@?$AAi?$AAt?$AA?$AA@ 0000000180010400     libucrt:lcidtoname_downlevel.obj
 0002:00003408       ??_C@_15GEMIOCAG@?$AAj?$AAa?$AA?$AA@ 0000000180010408     libucrt:lcidtoname_downlevel.obj
 0002:00003410       ??_C@_15EPELEGJA@?$AAk?$AAo?$AA?$AA@ 0000000180010410     libucrt:lcidtoname_downlevel.obj
 0002:00003418       ??_C@_15NDDHIMN@?$AAn?$AAl?$AA?$AA@ 0000000180010418     libucrt:lcidtoname_downlevel.obj
 0002:00003420       ??_C@_15BPIGNHCD@?$AAn?$AAo?$AA?$AA@ 0000000180010420     libucrt:lcidtoname_downlevel.obj
 0002:00003428       ??_C@_15DEOPBLCG@?$AAp?$AAl?$AA?$AA@ 0000000180010428     libucrt:lcidtoname_downlevel.obj
 0002:00003430       ??_C@_15KBECGEFG@?$AAp?$AAt?$AA?$AA@ 0000000180010430     libucrt:lcidtoname_downlevel.obj
 0002:00003438       ??_C@_15GLJCBFMD@?$AAr?$AAo?$AA?$AA@ 0000000180010438     libucrt:lcidtoname_downlevel.obj
 0002:00003440       ??_C@_15FEDGKCDI@?$AAr?$AAu?$AA?$AA@ 0000000180010440     libucrt:lcidtoname_downlevel.obj
 0002:00003448       ??_C@_15GLKMLLHM@?$AAh?$AAr?$AA?$AA@ 0000000180010448     libucrt:lcidtoname_downlevel.obj
 0002:00003450       ??_C@_15CPKMFBDB@?$AAs?$AAk?$AA?$AA@ 0000000180010450     libucrt:lcidtoname_downlevel.obj
 0002:00003458       ??_C@_15BAAIOGMK@?$AAs?$AAq?$AA?$AA@ 0000000180010458     libucrt:lcidtoname_downlevel.obj
 0002:00003460       ??_C@_15INNPNOHD@?$AAs?$AAv?$AA?$AA@ 0000000180010460     libucrt:lcidtoname_downlevel.obj
 0002:00003468       ??_C@_15CABMMOGH@?$AAt?$AAh?$AA?$AA@ 0000000180010468     libucrt:lcidtoname_downlevel.obj
 0002:00003470       ??_C@_15BPLIHJJM@?$AAt?$AAr?$AA?$AA@ 0000000180010470     libucrt:lcidtoname_downlevel.obj
 0002:00003478       ??_C@_15NEOEKKDJ@?$AAu?$AAr?$AA?$AA@ 0000000180010478     libucrt:lcidtoname_downlevel.obj
 0002:00003480       ??_C@_15NFICGAJK@?$AAi?$AAd?$AA?$AA@ 0000000180010480     libucrt:lcidtoname_downlevel.obj
 0002:00003488       ??_C@_15HPJPHDM@?$AAb?$AAe?$AA?$AA@ 0000000180010488     libucrt:lcidtoname_downlevel.obj
 0002:00003490       ??_C@_15LCHLGJII@?$AAs?$AAl?$AA?$AA@ 0000000180010490     libucrt:lcidtoname_downlevel.obj
 0002:00003498       ??_C@_15PCFJPHHO@?$AAe?$AAt?$AA?$AA@ 0000000180010498     libucrt:lcidtoname_downlevel.obj
 0002:000034a0       ??_C@_15HPFPGODN@?$AAl?$AAv?$AA?$AA@ 00000001800104a0     libucrt:lcidtoname_downlevel.obj
[...]
 0004:00000840       $pdata$?getSystemCP@@YAHH@Z 0000000180019840     libucrt:mbctype.obj
 0004:0000084c       $pdata$?setSBCS@@YAXPEAU__crt_multibyte_data@@@Z 000000018001984c     libucrt:mbctype.obj
 0004:00000858       $pdata$?setSBUpLow@@YAXPEAU__crt_multibyte_data@@@Z 0000000180019858     libucrt:mbctype.obj
 0004:00000864       $pdata$?setmbcp_internal@@YAHH_N@Z 0000000180019864     libucrt:mbctype.obj
 0004:00000870       $pdata$__acrt_initialize_multibyte 0000000180019870     libucrt:mbctype.obj
 0004:0000087c       $pdata$__acrt_update_thread_multibyte_data 000000018001987c     libucrt:mbctype.obj
 0004:00000888       $pdata$_setmbcp_nolock     0000000180019888     libucrt:mbctype.obj
 0004:00000894       $pdata$?x_ismbbtype_l@@YAHPEAU__crt_locale_pointers@@IHH@Z 0000000180019894     libucrt:ismbbyte.obj
 0004:000008a0       $pdata$__acrt_initialize_command_line 00000001800198a0     libucrt:argv_data.obj
 0004:000008ac       $pdata$__dcrt_get_narrow_environment_from_os 00000001800198ac     libucrt:get_environment_from_os.obj
 0004:000008b8       $pdata$_recalloc_base      00000001800198b8     libucrt:recalloc.obj
 0004:000008c4       $pdata$__acrt_initialize_heap 00000001800198c4     libucrt:heap_handle.obj
 0004:000008d0       $pdata$?initialize_inherited_file_handles_nolock@@YAXXZ 00000001800198d0     libucrt:ioinit.obj
 0004:000008dc       $pdata$?initialize_stdio_handles_nolock@@YAXXZ 00000001800198dc     libucrt:ioinit.obj
 0004:000008e8       $pdata$__acrt_initialize_lowio 00000001800198e8     libucrt:ioinit.obj
 0004:000008f4       $pdata$__acrt_uninitialize_lowio 00000001800198f4     libucrt:ioinit.obj
 0004:00000900       $pdata$__acrt_execute_initializers 0000000180019900     libucrt:shared_initialization.obj
 0004:0000090c       $pdata$__acrt_execute_uninitializers 000000018001990c     libucrt:shared_initialization.obj
 0004:00000918       $pdata$??$?RV<lambda_c36588078e9f5dfd39652860aa6b3aaf>@@AEAV<lambda_ec61778202f4f5fc7e7711acc23c3bca>@@V<lambda_dc9d2797ccde5d239b4a0efae8ebd7db>@@@?$__crt_seh_guarded_call@P6AXH@Z@@QEAAP6AXH@Z$$QEAV<lambda_c36588078e9f5dfd39652860aa6b3aaf>@@AEAV<lambda_ec61778202f4f5fc7e7711acc23c3bca>@@$$QEAV<lambda_dc9d2797ccde5d239b4a0efae8ebd7db>@@@Z 0000000180019918     libucrt:signal.obj
 0004:00000924       $pdata$__acrt_get_sigabrt_handler 0000000180019924     libucrt:signal.obj
 0004:00000930       $pdata$raise               0000000180019930     libucrt:signal.obj
 0004:0000093c       $pdata$__acrt_invoke_user_matherr 000000018001993c     libucrt:matherr.obj
 0004:00000948       $pdata$_mbtowc_l           0000000180019948     libucrt:mbtowc.obj
 0004:00000954       $pdata$_fileno             0000000180019954     libucrt:fileno.obj
 0004:00000960       $pdata$__acrt_initialize_stdio 0000000180019960     libucrt:_file.obj
 0004:0000096c       $pdata$__acrt_uninitialize_stdio 000000018001996c     libucrt:_file.obj
 0004:00000978       $pdata$__pctype_func       0000000180019978     libucrt:ctype.obj
 0004:00000984       $pdata$_isctype_l          0000000180019984     libucrt:isctype.obj
 0004:00000990       $pdata$__acrt_free_locale  0000000180019990     libucrt:locale_refcounting.obj
 0004:0000099c       $pdata$__acrt_locale_free_lc_time_if_unreferenced 000000018001999c     libucrt:locale_refcounting.obj
 0004:000009a8       $pdata$__acrt_release_locale_ref 00000001800199a8     libucrt:locale_refcounting.obj
 0004:000009b4       $pdata$__acrt_update_thread_locale_data 00000001800199b4     libucrt:locale_refcounting.obj
 0004:000009c0       $pdata$_updatetlocinfoEx_nolock 00000001800199c0     libucrt:locale_refcounting.obj
 0004:000009cc       $pdata$_isleadbyte_l       00000001800199cc     libucrt:_wctype.obj
 0004:000009d8       $pdata$?__acrt_LCMapStringA_stat@@YAHPEAU__crt_locale_pointers@@PEB_WKPEBDHPEADHHH@Z 00000001800199d8     libucrt:lcmapstringa.obj
 0004:000009e4       $pdata$__acrt_LCMapStringA 00000001800199e4     libucrt:lcmapstringa.obj
 0004:000009f0       $pdata$__acrt_locale_free_monetary 00000001800199f0     libucrt:initmon.obj
 0004:000009fc       $pdata$__acrt_locale_free_numeric 00000001800199fc     libucrt:initnum.obj
 0004:00000a08       $pdata$?free_crt_array_internal@@YAXQEAPEBX_K@Z 0000000180019a08     libucrt:inittime.obj
 0004:00000a14       $pdata$__acrt_locale_free_time 0000000180019a14     libucrt:inittime.obj
 0004:00000a20       $pdata$__acrt_GetStringTypeA 0000000180019a20     libucrt:getstringtypea.obj
 0004:00000a2c       $pdata$?GetTableIndexFromLocaleName@@YAHPEB_W@Z 0000000180019a2c     libucrt:lcidtoname_downlevel.obj
 0004:00000a38       $pdata$__acrt_DownlevelLocaleNameToLCID 0000000180019a38     libucrt:lcidtoname_downlevel.obj
 0004:00000a44       $pdata$?shortsort@@YAXPEAD0_KP6AHPEBX2@Z@Z 0000000180019a44     libucrt:qsort.obj
 0004:00000a50       $pdata$2$?shortsort@@YAXPEAD0_KP6AHPEBX2@Z@Z 0000000180019a50     libucrt:qsort.obj
 0004:00000a5c       $pdata$3$?shortsort@@YAXPEAD0_KP6AHPEBX2@Z@Z 0000000180019a5c     libucrt:qsort.obj
 0004:00000a68       $pdata$qsort               0000000180019a68     libucrt:qsort.obj
 0004:00000a74       $pdata$4$qsort             0000000180019a74     libucrt:qsort.obj
 0004:00000a80       $pdata$5$qsort             0000000180019a80     libucrt:qsort.obj
 0004:00000a8c       $pdata$strncpy_s           0000000180019a8c     libucrt:strncpy_s.obj
 0004:00000a98       $pdata$strpbrk             0000000180019a98     libucrt:strpbrk.obj
 0004:00000aa4       $pdata$_mbsdec_l           0000000180019aa4     libucrt:mbsdec.obj
 0004:00000ab0       $pdata$?initialize_multibyte@@YAHXZ 0000000180019ab0     libucrt:multibyte_initializer.obj
 0004:00000abc       $pdata$_msize              0000000180019abc     libucrt:msize.obj
 0004:00000ac8       $pdata$_realloc_base       0000000180019ac8     libucrt:realloc_base.obj
 0004:00000ad4       $pdata$__acrt_lowio_create_handle_array 0000000180019ad4     libucrt:osfinfo.obj
 0004:00000ae0       $pdata$__acrt_lowio_destroy_handle_array 0000000180019ae0     libucrt:osfinfo.obj
 0004:00000aec       $pdata$__acrt_lowio_ensure_fh_exists 0000000180019aec     libucrt:osfinfo.obj
 0004:00000af8       $pdata$_free_osfhnd        0000000180019af8     libucrt:osfinfo.obj
 0004:00000b04       $pdata$_get_osfhandle      0000000180019b04     libucrt:osfinfo.obj
 0004:00000b10       $pdata$_isatty             0000000180019b10     libucrt:isatty.obj
 0004:00000b1c       $pdata$__acrt_stdio_flush_nolock 0000000180019b1c     libucrt:fflush.obj
 0004:00000b28       $pdata$_fflush_nolock      0000000180019b28     libucrt:fflush.obj
 0004:00000b34       $pdata$common_flush_all    0000000180019b34     libucrt:fflush.obj
 0004:00000b40       $pdata$_fcloseall          0000000180019b40     libucrt:closeall.obj
 0004:00000b4c       $pdata$__acrt_stdio_free_buffer_nolock 0000000180019b4c     libucrt:_freebuf.obj
 0004:00000b58       $pdata$??$?RV<lambda_b521505b218e5242e90febf6bfebc422>@@AEAV<lambda_6978c1fb23f02e42e1d9e99668cc68aa>@@V<lambda_314360699dd331753a4119843814e9a7>@@@?$__crt_seh_guarded_call@H@@QEAAH$$QEAV<lambda_b521505b218e5242e90febf6bfebc422>@@AEAV<lambda_6978c1fb23f02e42e1d9e99668cc68aa>@@$$QEAV<lambda_314360699dd331753a4119843814e9a7>@@@Z 0000000180019b58     libucrt:commit.obj
 0004:00000b64       $pdata$_commit             0000000180019b64     libucrt:commit.obj
 0004:00000b70       $pdata$?write_double_translated_ansi_nolock@@YA?AUwrite_result@?A0x9c548279@@HQEBDI@Z 0000000180019b70     libucrt:write.obj
 0004:00000b7c       $pdata$?write_text_ansi_nolock@@YA?AUwrite_result@?A0x9c548279@@HQEBDI@Z 0000000180019b7c     libucrt:write.obj
 0004:00000b88       $pdata$?write_text_utf16le_nolock@@YA?AUwrite_result@?A0x9c548279@@HQEBDI@Z 0000000180019b88     libucrt:write.obj
 0004:00000b94       $pdata$?write_text_utf8_nolock@@YA?AUwrite_result@?A0x9c548279@@HQEBDI@Z 0000000180019b94     libucrt:write.obj
 0004:00000ba0       $pdata$_write              0000000180019ba0     libucrt:write.obj
 0004:00000bac       $pdata$_write_nolock       0000000180019bac     libucrt:write.obj
 0004:00000bc4       $pdata$??$common_lseek_nolock@_J@@YA_JH_JH@Z 0000000180019bc4     libucrt:lseek.obj
 0004:00000bd0       $pdata$_fclose_nolock      0000000180019bd0     libucrt:fclose.obj
 0004:00000bdc       $pdata$fclose              0000000180019bdc     libucrt:fclose.obj
 0004:00000be8       $pdata$_putwch_nolock      0000000180019be8     libucrt:putwch.obj
 0004:00000bf4       $pdata$_call_matherr       0000000180019bf4     libucrt:libm_error.obj
 0004:00000c00       $pdata$_exception_enabled  0000000180019c00     libucrt:libm_error.obj
 0004:00000c0c       $pdata$_handle_error       0000000180019c0c     libucrt:libm_error.obj
 0004:00000c18       $pdata$__acrt_initialize_fma3 0000000180019c18     libucrt:fma3_available.obj
 0004:00000c24       $pdata$_log10_special      0000000180019c24     libucrt:log_special.obj
 0004:00000c30       $pdata$_log_special_common 0000000180019c30     libucrt:log_special.obj
 0004:00000c3c       $pdata$??$?RV<lambda_bfedae4ebbf01fab1bb6dcc6a9e276e0>@@AEAV<lambda_2fe9b910cf3cbf4a0ab98a02ba45b3ec>@@V<lambda_237c231691f317818eb88cc1d5d642d6>@@@?$__crt_seh_guarded_call@H@@QEAAH$$QEAV<lambda_bfedae4ebbf01fab1bb6dcc6a9e276e0>@@AEAV<lambda_2fe9b910cf3cbf4a0ab98a02ba45b3ec>@@$$QEAV<lambda_237c231691f317818eb88cc1d5d642d6>@@@Z 0000000180019c3c     libucrt:close.obj
 0004:00000c48       $pdata$_close              0000000180019c48     libucrt:close.obj
 0004:00000c54       $pdata$_close_nolock       0000000180019c54     libucrt:close.obj
 0004:00000c60       $pdata$__dcrt_lowio_initialize_console_output 0000000180019c60     libucrt:initcon.obj
 0004:00000c6c       $pdata$__dcrt_terminate_console_output 0000000180019c6c     libucrt:initcon.obj
 0004:00000c84       $pdata$_raise_exc          0000000180019c84     libucrt:fpexcept.obj
 0004:00000c90       $pdata$_raise_exc_ex       0000000180019c90     libucrt:fpexcept.obj
 0004:00000c9c       $pdata$_set_errno_from_matherr 0000000180019c9c     libucrt:fpexcept.obj
 0004:00000ca8       $pdata$_clrfp              0000000180019ca8     libucrt:fpctrl.obj
 0004:00000cb4       $pdata$_ctrlfp             0000000180019cb4     libucrt:fpctrl.obj
 0004:00000cc0       $pdata$_set_statfp         0000000180019cc0     libucrt:fpctrl.obj
 0004:00000ccc       $pdata$_statfp             0000000180019ccc     libucrt:fpctrl.obj
 0004:00000cd8       $pdata$?DloadAcquireSectionWriteAccess@@YAXXZ 0000000180019cd8     DelayImp:delayhlp.obj
 0004:00000ce4       $pdata$?DloadGetSRWLockFunctionPointers@@YAEXZ 0000000180019ce4     DelayImp:delayhlp.obj
 0004:00000cf0       $pdata$?DloadMakePermanentImageCommit@@YAXPEAX_K@Z 0000000180019cf0     DelayImp:delayhlp.obj
 0004:00000cfc       $pdata$?DloadObtainSection@@YAPEAXPEAK0@Z 0000000180019cfc     DelayImp:delayhlp.obj
 0004:00000d08       $pdata$?DloadProtectSection@@YAXKPEAK@Z 0000000180019d08     DelayImp:delayhlp.obj
 0004:00000d14       $pdata$?DloadReleaseSectionWriteAccess@@YAXXZ 0000000180019d14     DelayImp:delayhlp.obj
 0004:00000d20       $pdata$__delayLoadHelper2  0000000180019d20     DelayImp:delayhlp.obj
 0004:00000d2c       $pdata$_IsNonwritableInCurrentImage 0000000180019d2c     LIBCMT:pesect.obj
 0004:00000d38       $pdata$__GSHandlerCheck    0000000180019d38     LIBCMT:_gshandler_.obj
 0004:00000d44       $pdata$__GSHandlerCheckCommon 0000000180019d44     LIBCMT:_gshandler_.obj
 0004:00000d74       $pdata$?fin$0@?0??dllmain_crt_process_attach@@YAHQEAUHINSTANCE__@@QEAX@Z@4HA 0000000180019d74     LIBCMT:dll_dllmain.obj
 0004:00000d80       $pdata$?fin$0@?0??dllmain_crt_process_detach@@YAH_N@Z@4HA 0000000180019d80     LIBCMT:dll_dllmain.obj
 0004:00000d8c       $pdata$?filt$0@?0??dllmain_dispatch@@YAHQEAUHINSTANCE__@@KQEAX@Z@4HA 0000000180019d8c     LIBCMT:dll_dllmain.obj
 0004:00000d98       $pdata$__scrt_is_nonwritable_in_current_image$filt$0 0000000180019d98     LIBCMT:utility.obj
 0004:00000da4       $pdata$_query_new_handler$fin$0 0000000180019da4     libucrt:new_handler.obj
 0004:00000db0       $pdata$?filt$0@?0??common_exit@@YAXHW4_crt_exit_cleanup_mode@@W4_crt_exit_return_mode@@@Z@4HA 0000000180019db0     libucrt:exit.obj
 0004:00000dbc       $pdata$?fin$1@?0??common_exit@@YAXHW4_crt_exit_cleanup_mode@@W4_crt_exit_return_mode@@@Z@4HA 0000000180019dbc     libucrt:exit.obj
 0004:00000dc8       $pdata$?fin$0@?0???$?RV<lambda_e24bbb7b643b32fcea6fa61b31d4c984>@@AEAV<lambda_275893d493268fdec8709772e3fcec0e>@@V<lambda_9d71df4d7cf3f480f8d633942495c3b0>@@@?$__crt_seh_guarded_call@H@@QEAAH$$QEAV<lambda_e24bbb7b643b32fcea6fa61b31d4c984>@@AEAV<lambda_275893d493268fdec8709772e3fcec0e>@@$$QEAV<lambda_9d71df4d7cf3f480f8d633942495c3b0>@@@Z@4HA 0000000180019dc8     libucrt:onexit.obj
 0004:00000dd4       $pdata$?fin$0@?0???$?RV<lambda_46352004c1216016012b18bd6f87e700>@@AEAV<lambda_3bd07e1a1191394380780325891bf33f>@@V<lambda_334532d3f185bcaa59b5be82d7d22bff>@@@?$__crt_seh_guarded_call@X@@QEAAX$$QEAV<lambda_46352004c1216016012b18bd6f87e700>@@AEAV<lambda_3bd07e1a1191394380780325891bf33f>@@$$QEAV<lambda_334532d3f185bcaa59b5be82d7d22bff>@@@Z@4HA 0000000180019dd4     libucrt:per_thread_data.obj
 0004:00000dd4       $pdata$?fin$0@?0???$?RV<lambda_c36588078e9f5dfd39652860aa6b3aaf>@@AEAV<lambda_ec61778202f4f5fc7e7711acc23c3bca>@@V<lambda_dc9d2797ccde5d239b4a0efae8ebd7db>@@@?$__crt_seh_guarded_call@P6AXH@Z@@QEAAP6AXH@Z$$QEAV<lambda_c36588078e9f5dfd39652860aa6b3aaf>@@AEAV<lambda_ec61778202f4f5fc7e7711acc23c3bca>@@$$QEAV<lambda_dc9d2797ccde5d239b4a0efae8ebd7db>@@@Z@4HA 0000000180019dd4     libucrt:signal.obj
 0004:00000dd4       $pdata$?fin$0@?0???$?RV<lambda_5e887d1dcbef67a5eb4283622ba103bf>@@AEAV<lambda_4466841279450cc726390878d4a41900>@@V<lambda_341c25c0346d94847f1f3c463c57e077>@@@?$__crt_seh_guarded_call@X@@QEAAX$$QEAV<lambda_5e887d1dcbef67a5eb4283622ba103bf>@@AEAV<lambda_4466841279450cc726390878d4a41900>@@$$QEAV<lambda_341c25c0346d94847f1f3c463c57e077>@@@Z@4HA 0000000180019dd4     libucrt:per_thread_data.obj
 0004:00000dd4       $pdata$?fin$0@?0???$?RV<lambda_99476a1ad63dd22509b5d3e65b0ffc95>@@AEAV<lambda_ad1ced32f4ac17aa236e5ef05d6b3b7c>@@V<lambda_f7424dd8d45958661754dc4f2697e9c3>@@@?$__crt_seh_guarded_call@X@@QEAAX$$QEAV<lambda_99476a1ad63dd22509b5d3e65b0ffc95>@@AEAV<lambda_ad1ced32f4ac17aa236e5ef05d6b3b7c>@@$$QEAV<lambda_f7424dd8d45958661754dc4f2697e9c3>@@@Z@4HA 0000000180019dd4     libucrt:mbctype.obj
 0004:00000dd4       $pdata$?fin$0@?0???$?RV<lambda_fb3a7dec4e47f37f22dae91bb15c9095>@@AEAV<lambda_698284760c8add0bfb0756c19673e34b>@@V<lambda_dfb8eca1e75fef3034a8fb18dd509707>@@@?$__crt_seh_guarded_call@X@@QEAAX$$QEAV<lambda_fb3a7dec4e47f37f22dae91bb15c9095>@@AEAV<lambda_698284760c8add0bfb0756c19673e34b>@@$$QEAV<lambda_dfb8eca1e75fef3034a8fb18dd509707>@@@Z@4HA 0000000180019dd4     libucrt:per_thread_data.obj
 0004:00000dd4       $pdata$?fin$0@?0???$?RV<lambda_72d1df2b273a38828b1ce30cbf4cdab5>@@AEAV<lambda_876a65b173b8412d3a47c70a915b0cf4>@@V<lambda_41932305e351933ebe8f8be3ed8bb5dc>@@@?$__crt_seh_guarded_call@X@@QEAAX$$QEAV<lambda_72d1df2b273a38828b1ce30cbf4cdab5>@@AEAV<lambda_876a65b173b8412d3a47c70a915b0cf4>@@$$QEAV<lambda_41932305e351933ebe8f8be3ed8bb5dc>@@@Z@4HA 0000000180019dd4     libucrt:per_thread_data.obj
 0004:00000dd4       $pdata$?fin$0@?0???$?RV<lambda_b8c45f8f788dd370798f47cfe8ac3a86>@@AEAV<lambda_4e60a939b0d047cfe11ddc22648dfba9>@@V<lambda_332c3edc96d0294ec56c57d38c1cdfd5>@@@?$__crt_seh_guarded_call@H@@QEAAH$$QEAV<lambda_b8c45f8f788dd370798f47cfe8ac3a86>@@AEAV<lambda_4e60a939b0d047cfe11ddc22648dfba9>@@$$QEAV<lambda_332c3edc96d0294ec56c57d38c1cdfd5>@@@Z@4HA 0000000180019dd4     libucrt:onexit.obj
 0004:00000de0       $pdata$__acrt_update_thread_multibyte_data$fin$0 0000000180019de0     libucrt:mbctype.obj
 0004:00000dec       $pdata$raise$fin$0         0000000180019dec     libucrt:signal.obj
 0004:00000df8       $pdata$__acrt_uninitialize_locale$fin$0 0000000180019df8     libucrt:wsetlocale.obj
 0004:00000df8       $pdata$__acrt_update_thread_locale_data$fin$0 0000000180019df8     libucrt:locale_refcounting.obj
 0004:00000e04       $pdata$__acrt_lowio_ensure_fh_exists$fin$0 0000000180019e04     libucrt:osfinfo.obj
 0004:00000e04       $pdata$__acrt_initialize_lowio$fin$0 0000000180019e04     libucrt:ioinit.obj
 0004:00000e10       $pdata$common_flush_all$fin$0 0000000180019e10     libucrt:fflush.obj
 0004:00000e1c       $pdata$common_flush_all$fin$1 0000000180019e1c     libucrt:fflush.obj
 0004:00000e28       $pdata$_fcloseall$fin$0    0000000180019e28     libucrt:closeall.obj
 0004:00000e34       $pdata$_write$fin$0        0000000180019e34     libucrt:write.obj
 0004:00000e40       $pdata$fclose$fin$0        0000000180019e40     libucrt:fclose.obj
 0004:00000e4c       $pdata$?fin$0@?0???$?RV<lambda_bfedae4ebbf01fab1bb6dcc6a9e276e0>@@AEAV<lambda_2fe9b910cf3cbf4a0ab98a02ba45b3ec>@@V<lambda_237c231691f317818eb88cc1d5d642d6>@@@?$__crt_seh_guarded_call@H@@QEAAH$$QEAV<lambda_bfedae4ebbf01fab1bb6dcc6a9e276e0>@@AEAV<lambda_2fe9b910cf3cbf4a0ab98a02ba45b3ec>@@$$QEAV<lambda_237c231691f317818eb88cc1d5d642d6>@@@Z@4HA 0000000180019e4c     libucrt:close.obj
 0004:00000e4c       $pdata$?fin$0@?0???$?RV<lambda_b521505b218e5242e90febf6bfebc422>@@AEAV<lambda_6978c1fb23f02e42e1d9e99668cc68aa>@@V<lambda_314360699dd331753a4119843814e9a7>@@@?$__crt_seh_guarded_call@H@@QEAAH$$QEAV<lambda_b521505b218e5242e90febf6bfebc422>@@AEAV<lambda_6978c1fb23f02e42e1d9e99668cc68aa>@@$$QEAV<lambda_314360699dd331753a4119843814e9a7>@@@Z@4HA 0000000180019e4c     libucrt:commit.obj
 0004:00000e58       $pdata$_ctrlfp$filt$0      0000000180019e58     libucrt:fpctrl.obj
 0004:00000e64       $pdata$_IsNonwritableInCurrentImage$filt$0 0000000180019e64     LIBCMT:pesect.obj
 0005:00000000       __guard_fids__             000000018001a000     libucrt:initialization.obj
 0005:00000060       __guard_fids___acrt_initialize_ptd 000000018001a060     libucrt:per_thread_data.obj
 0005:00000064       __guard_fids_??$expand_argument_wildcards@D@@YAHQEAD0AEAV?$argument_list@D@?A0xca0879c4@@@Z 000000018001a064     libucrt:argv_wildcards.obj
 0005:00000068       __guard_fids__             000000018001a068     libucrt:locale_initializer.obj
 0005:0000006c       __guard_fids__             000000018001a06c     libucrt:multibyte_initializer.obj
 0005:00000070       __guard_fids__             000000018001a070     libucrt:stdio_initializer.obj
 0005:00000074       __guard_fids__             000000018001a074     libucrt:stdio_initializer.obj
 0005:00000078       __guard_fids__             000000018001a078     libucrt:fma3_initializer.obj
 0005:0000007c       __guard_fids__             000000018001a07c     libucrt:console_output_initializer.obj
 0005:00000080       __guard_fids__             000000018001a080     libcpmt:xthrow.obj
 0005:00000088       __guard_fids__             000000018001a088     libcpmt:xthrow.obj
 0005:00000090       __guard_fids__             000000018001a090     libcpmt:xthrow.obj
 0005:00000098       __guard_fids__             000000018001a098     libcpmt:xthrow.obj
 0005:000000a0       __guard_fids__             000000018001a0a0     libcpmt:xthrow.obj
 0005:000000a8       __guard_fids_?dllmain_crt_process_attach@@YAHQEAUHINSTANCE__@@QEAX@Z 000000018001a0a8     LIBCMT:dll_dllmain.obj
 0005:000000b0       __guard_fids_?dllmain_dispatch@@YAHQEAUHINSTANCE__@@KQEAX@Z 000000018001a0b0     LIBCMT:dll_dllmain.obj
 0005:000000b4       __guard_fids__             000000018001a0b4     LIBCMT:std_type_info_static.obj
 0005:000000b8       __guard_fids__             000000018001a0b8     LIBCMT:throw_bad_alloc.obj
 0005:000000c0       __guard_fids__             000000018001a0c0     LIBCMT:guard_support.obj
 0005:000000c4       __guard_fids___vcrt_initialize_ptd 000000018001a0c4     libvcruntime:per_thread_data.obj
 0006:00000060       $R000000                   000000018001b060     * linker generated manifest res *

 Exports

  ordinal    name

        1    _register_focus_
